Clock: clkA
Sources: clkA 
Generated: no
Virtual: no
Propagated: no
Period: 10.000000

===========================================================================
report_clock_properties
============================================================================
Clock                   Period          Waveform
----------------------------------------------------
clkA                 10.000000    0.000000  5.000000

===========================================================================
report_clock_latency
============================================================================
Clock clkA
rise -> rise
    min     max
0.000000 0.000000 source latency
0.000000         network latency _22986_/CLK
        0.000000 network latency _22986_/CLK
---------------
0.000000 0.000000 latency
        0.000000 skew

fall -> fall
    min     max
0.000000 0.000000 source latency
0.000000         network latency _22986_/CLK
        0.000000 network latency _22986_/CLK
---------------
0.000000 0.000000 latency
        0.000000 skew



===========================================================================
report_clock_min_period
============================================================================
clkA period_min = 5.56 fmax = 179.97
Clock: spi_sclk
Sources: spi_sclk 
Generated: no
Virtual: no
Propagated: no
Period: 50.000000

===========================================================================
report_clock_properties
============================================================================
Clock                   Period          Waveform
----------------------------------------------------
spi_sclk             50.000000    0.000000 25.000000

===========================================================================
report_clock_latency
============================================================================
Clock spi_sclk
rise -> rise
    min     max
0.000000 0.000000 source latency
0.000000         network latency _23729_/CLK
        0.000000 network latency _23729_/CLK
---------------
0.000000 0.000000 latency
        0.000000 skew

rise -> fall
    min     max
0.000000 0.000000 source latency
0.014189         network latency _22978_/CLK
        0.014189 network latency _22978_/CLK
---------------
0.014189 0.014189 latency
        0.000000 skew

fall -> rise
    min     max
0.000000 0.000000 source latency
0.015788         network latency _22978_/CLK
        0.015788 network latency _22978_/CLK
---------------
0.015788 0.015788 latency
        0.000000 skew

fall -> fall
    min     max
0.000000 0.000000 source latency
0.000000         network latency _23729_/CLK
        0.000000 network latency _23729_/CLK
---------------
0.000000 0.000000 latency
        0.000000 skew



===========================================================================
report_clock_min_period
============================================================================
spi_sclk period_min = 0.81 fmax = 1227.13
