
===========================================================================
 report_power
============================================================================
======================= nom_fast_1p32V_m40C Corner ===================================

Group                    Internal    Switching      Leakage        Total
                            Power        Power        Power        Power (Watts)
------------------------------------------------------------------------
Sequential           5.023029e-03 1.228335e-05 7.868530e-07 5.036099e-03  98.9%
Combinational        2.639914e-05 2.514305e-05 3.567996e-06 5.511019e-05   1.1%
Clock                9.110095e-07 1.445342e-06 1.540256e-09 2.357892e-06   0.0%
Macro                0.000000e+00 0.000000e+00 0.000000e+00 0.000000e+00   0.0%
Pad                  0.000000e+00 0.000000e+00 0.000000e+00 0.000000e+00   0.0%
------------------------------------------------------------------------
Total                5.050340e-03 3.887176e-05 4.356491e-06 5.093568e-03 100.0%
                            99.2%         0.8%         0.1%

