┏━━━━━━━┳━━━━━━━━━┳━━━━━━━━━━┳━━━━━━━━━━━━━━━━━━━━━━━━━━━━━━┳━━━━━━━━━━━━━┳━━━━━━━━┓
┃ P / R ┃ Partial ┃ Required ┃ Net                          ┃ Pin         ┃ Layer  ┃
┡━━━━━━━╇━━━━━━━━━╇━━━━━━━━━━╇━━━━━━━━━━━━━━━━━━━━━━━━━━━━━━╇━━━━━━━━━━━━━╇━━━━━━━━┩
│ 3.09  │ 617.08  │ 200.00   │ u_FIR.x_reg[4\]              │ fanout854/A │ Metal2 │
│ 2.80  │ 560.44  │ 200.00   │ net917                       │ fanout910/A │ Metal2 │
│ 2.65  │ 529.43  │ 200.00   │ _03384_                      │ fanout936/A │ Metal2 │
│ 2.10  │ 420.57  │ 200.00   │ net390                       │ fanout389/A │ Metal2 │
│ 1.97  │ 393.39  │ 200.00   │ u_FIR.x_reg[3\]              │ fanout871/A │ Metal2 │
│ 1.93  │ 385.97  │ 200.00   │ _08101_                      │ fanout214/A │ Metal2 │
│ 1.92  │ 384.49  │ 200.00   │ net201                       │ fanout193/A │ Metal2 │
│ 1.82  │ 363.89  │ 200.00   │ _07916_                      │ fanout258/A │ Metal2 │
│ 1.74  │ 348.72  │ 200.00   │ _08102_                      │ fanout203/A │ Metal2 │
│ 1.72  │ 344.55  │ 200.00   │ net261                       │ fanout260/A │ Metal2 │
│ 1.72  │ 344.43  │ 200.00   │ net985                       │ fanout984/A │ Metal2 │
│ 1.68  │ 336.04  │ 200.00   │ net985                       │ fanout972/A │ Metal2 │
│ 1.68  │ 335.67  │ 200.00   │ _07884_                      │ _16728_/A2  │ Metal2 │
│ 1.66  │ 331.06  │ 200.00   │ net564                       │ _22840_/B_N │ Metal2 │
│ 1.62  │ 324.44  │ 200.00   │ u_FIR.x_reg[6\]              │ fanout829/A │ Metal2 │
│ 1.62  │ 324.41  │ 200.00   │ net372                       │ fanout365/A │ Metal2 │
│ 1.61  │ 322.76  │ 200.00   │ net821                       │ fanout814/A │ Metal2 │
│ 1.56  │ 312.77  │ 200.00   │ net365                       │ fanout362/A │ Metal2 │
│ 1.56  │ 312.35  │ 200.00   │ net129                       │ _17679_/B   │ Metal2 │
│ 1.56  │ 311.50  │ 200.00   │ net126                       │ _17679_/D   │ Metal2 │
│ 1.54  │ 308.13  │ 200.00   │ _07880_                      │ _16722_/A2  │ Metal2 │
│ 1.53  │ 306.71  │ 200.00   │ _08493_                      │ fanout329/A │ Metal2 │
│ 1.53  │ 305.34  │ 200.00   │ net147                       │ fanout146/A │ Metal2 │
│ 1.52  │ 304.17  │ 200.00   │ net205                       │ fanout204/A │ Metal2 │
│ 1.49  │ 298.64  │ 200.00   │ _07972_                      │ fanout127/A │ Metal2 │
│ 1.46  │ 291.66  │ 200.00   │ u_debug_unit.mon_w7_sync[2\] │ hold2144/A  │ Metal2 │
│ 1.46  │ 291.19  │ 200.00   │ net162                       │ fanout161/A │ Metal2 │
│ 1.43  │ 286.19  │ 200.00   │ _07719_                      │ _22717_/A1  │ Metal2 │
│ 1.40  │ 280.49  │ 200.00   │ _03357_                      │ _13473_/A1  │ Metal2 │
│ 1.40  │ 280.49  │ 200.00   │ _03357_                      │ fanout423/A │ Metal2 │
│ 1.38  │ 275.28  │ 200.00   │ net141                       │ fanout140/A │ Metal2 │
│ 1.37  │ 273.77  │ 200.00   │ net564                       │ fanout563/A │ Metal2 │
│ 1.36  │ 272.04  │ 200.00   │ _03296_                      │ _16730_/A1  │ Metal2 │
│ 1.35  │ 269.25  │ 200.00   │ u_debug_unit.mon_w5_sync[2\] │ hold2142/A  │ Metal2 │
│ 1.33  │ 265.27  │ 200.00   │ net100                       │ fanout99/A  │ Metal2 │
│ 1.29  │ 257.83  │ 200.00   │ coeff_force_packed[38\]      │ hold2353/A  │ Metal2 │
│ 1.28  │ 255.18  │ 200.00   │ u_debug_unit.mon_w5_sync[1\] │ hold2072/A  │ Metal2 │
│ 1.26  │ 252.22  │ 200.00   │ _07874_                      │ _16713_/A2  │ Metal2 │
│ 1.25  │ 250.93  │ 200.00   │ net258                       │ fanout257/A │ Metal2 │
│ 1.25  │ 249.45  │ 200.00   │ net863                       │ fanout862/A │ Metal2 │
│ 1.21  │ 242.87  │ 200.00   │ coeff_force_packed[41\]      │ hold2424/A  │ Metal2 │
│ 1.21  │ 242.00  │ 200.00   │ _08492_                      │ fanout373/A │ Metal2 │
│ 1.20  │ 240.09  │ 200.00   │ net163                       │ _20298_/B   │ Metal2 │
│ 1.20  │ 239.35  │ 200.00   │ net417                       │ _13372_/B   │ Metal2 │
│ 1.17  │ 233.40  │ 200.00   │ net388                       │ fanout387/A │ Metal2 │
│ 1.16  │ 231.81  │ 200.00   │ u_LMS.x_r[5\][2\]            │ fanout638/A │ Metal2 │
│ 1.15  │ 229.35  │ 200.00   │ net558                       │ fanout522/A │ Metal2 │
│ 1.15  │ 229.35  │ 200.00   │ net558                       │ fanout552/A │ Metal2 │
│ 1.14  │ 227.14  │ 200.00   │ net99                        │ fanout96/A  │ Metal2 │
│ 1.13  │ 225.64  │ 200.00   │ net871                       │ fanout866/A │ Metal2 │
│ 1.12  │ 224.47  │ 200.00   │ net948                       │ fanout947/A │ Metal2 │
│ 1.11  │ 222.84  │ 200.00   │ _07973_                      │ _21341_/D   │ Metal2 │
│ 1.11  │ 222.05  │ 200.00   │ _07971_                      │ _21341_/B   │ Metal2 │
│ 1.08  │ 216.51  │ 200.00   │ net231                       │ fanout228/A │ Metal2 │
│ 1.08  │ 216.50  │ 200.00   │ coeff_force_packed[43\]      │ hold2369/A  │ Metal2 │
│ 1.06  │ 212.15  │ 200.00   │ net466                       │ fanout457/A │ Metal2 │
│ 1.06  │ 211.17  │ 200.00   │ net91                        │ _20749_/B1  │ Metal2 │
│ 1.03  │ 206.08  │ 200.00   │ net187                       │ fanout185/A │ Metal2 │
│ 1.01  │ 202.05  │ 200.00   │ net466                       │ fanout450/A │ Metal2 │
│ 1.00  │ 200.14  │ 200.00   │ net503                       │ fanout500/A │ Metal2 │
│ 0.48  │ 96.19   │ 200.00   │ net985                       │ fanout972/A │ Metal3 │
│ 0.48  │ 96.19   │ 200.00   │ net985                       │ fanout984/A │ Metal3 │
│ 0.36  │ 72.14   │ 200.00   │ _07971_                      │ _21341_/B   │ Metal3 │
│ 0.31  │ 62.55   │ 200.00   │ net905                       │ _16130_/B   │ Metal3 │
│ 0.31  │ 62.55   │ 200.00   │ net905                       │ fanout898/A │ Metal3 │
│ 0.31  │ 61.53   │ 200.00   │ net878                       │ fanout873/A │ Metal3 │
│ 0.24  │ 48.13   │ 200.00   │ net91                        │ _20749_/B1  │ Metal3 │
│ 0.08  │ 16.27   │ 200.00   │ net417                       │ _13372_/B   │ Metal4 │
│ 0.06  │ 12.44   │ 200.00   │ net245                       │ fanout244/A │ Metal3 │
│ 0.03  │ 6.68    │ 200.00   │ net417                       │ _13372_/B   │ Metal3 │
└───────┴─────────┴──────────┴──────────────────────────────┴─────────────┴────────┘
