┏━━━━━━━┳━━━━━━━━━┳━━━━━━━━━━┳━━━━━━━━━━━━━━━━━┳━━━━━━━━━━━━━┳━━━━━━━━┓
┃ P / R ┃ Partial ┃ Required ┃ Net             ┃ Pin         ┃ Layer  ┃
┡━━━━━━━╇━━━━━━━━━╇━━━━━━━━━━╇━━━━━━━━━━━━━━━━━╇━━━━━━━━━━━━━╇━━━━━━━━┩
│ 2.00  │ 400.21  │ 200.00   │ _03357_         │ fanout416/A │ Metal2 │
│ 1.63  │ 325.10  │ 200.00   │ u_FIR.x_reg[2\] │ fanout877/A │ Metal2 │
│ 1.42  │ 283.64  │ 200.00   │ u_FIR.x_reg[4\] │ fanout850/A │ Metal2 │
│ 1.40  │ 280.14  │ 200.00   │ _07974_         │ fanout109/A │ Metal2 │
│ 1.24  │ 248.38  │ 200.00   │ net367          │ fanout360/A │ Metal2 │
│ 1.24  │ 247.47  │ 200.00   │ _07916_         │ fanout249/A │ Metal4 │
│ 1.16  │ 231.53  │ 200.00   │ _07972_         │ fanout125/A │ Metal4 │
│ 0.58  │ 116.05  │ 200.00   │ net216          │ fanout215/A │ Metal3 │
│ 0.46  │ 91.88   │ 200.00   │ net234          │ fanout226/A │ Metal4 │
│ 0.18  │ 35.07   │ 200.00   │ net367          │ fanout360/A │ Metal3 │
└───────┴─────────┴──────────┴─────────────────┴─────────────┴────────┘
