
===========================================================================
 report_power
============================================================================
======================= nom_fast_1p32V_m40C Corner ===================================

Group                    Internal    Switching      Leakage        Total
                            Power        Power        Power        Power (Watts)
------------------------------------------------------------------------
Sequential           2.506565e-03 6.141673e-06 7.868530e-07 2.513493e-03  98.8%
Combinational        1.319957e-05 1.257153e-05 3.567996e-06 2.933909e-05   1.2%
Clock                8.157930e-07 7.226710e-07 1.540256e-09 1.540004e-06   0.1%
Macro                0.000000e+00 0.000000e+00 0.000000e+00 0.000000e+00   0.0%
Pad                  0.000000e+00 0.000000e+00 0.000000e+00 0.000000e+00   0.0%
------------------------------------------------------------------------
Total                2.520580e-03 1.943588e-05 4.356491e-06 2.544373e-03 100.0%
                            99.1%         0.8%         0.2%

