
===========================================================================
 report_power
============================================================================
======================= nom_fast_1p32V_m40C Corner ===================================

Group                    Internal    Switching      Leakage        Total
                            Power        Power        Power        Power (Watts)
------------------------------------------------------------------------
Sequential           2.507817e-03 1.207258e-05 7.868530e-07 2.520676e-03  68.5%
Combinational        1.562474e-05 4.710237e-05 3.789598e-06 6.651670e-05   1.8%
Clock                5.294325e-04 5.406374e-04 2.521833e-05 1.095288e-03  29.7%
Macro                0.000000e+00 0.000000e+00 0.000000e+00 0.000000e+00   0.0%
Pad                  0.000000e+00 0.000000e+00 0.000000e+00 0.000000e+00   0.0%
------------------------------------------------------------------------
Total                3.052873e-03 5.998124e-04 2.979490e-05 3.682480e-03 100.0%
                            82.9%        16.3%         0.8%

