
===========================================================================
 report_power
============================================================================
======================= nom_typ_1p20V_25C Corner ===================================

Group                    Internal    Switching      Leakage        Total
                            Power        Power        Power        Power (Watts)
------------------------------------------------------------------------
Sequential           2.062202e-03 9.449805e-06 3.646066e-07 2.072016e-03  70.2%
Combinational        1.239875e-05 3.657672e-05 1.537893e-06 5.051336e-05   1.7%
Clock                4.150903e-04 4.075507e-04 4.384204e-06 8.270252e-04  28.0%
Macro                0.000000e+00 0.000000e+00 0.000000e+00 0.000000e+00   0.0%
Pad                  0.000000e+00 0.000000e+00 0.000000e+00 0.000000e+00   0.0%
------------------------------------------------------------------------
Total                2.489689e-03 4.535773e-04 6.286845e-06 2.949553e-03 100.0%
                            84.4%        15.4%         0.2%

