
===========================================================================
 report_power
============================================================================
======================= nom_slow_1p08V_125C Corner ===================================

Group                    Internal    Switching      Leakage        Total
                            Power        Power        Power        Power (Watts)
------------------------------------------------------------------------
Sequential           3.375956e-03 7.145024e-06 1.720477e-06 3.384822e-03  99.0%
Combinational        1.363585e-05 1.481491e-05 5.660865e-06 3.411162e-05   1.0%
Clock                7.311594e-07 8.446904e-07 3.984770e-09 1.579835e-06   0.0%
Macro                0.000000e+00 0.000000e+00 0.000000e+00 0.000000e+00   0.0%
Pad                  0.000000e+00 0.000000e+00 0.000000e+00 0.000000e+00   0.0%
------------------------------------------------------------------------
Total                3.390323e-03 2.280461e-05 7.385467e-06 3.420513e-03 100.0%
                            99.1%         0.7%         0.2%

