
===========================================================================
 report_power
============================================================================
======================= nom_typ_1p20V_25C Corner ===================================

Group                    Internal    Switching      Leakage        Total
                            Power        Power        Power        Power (Watts)
------------------------------------------------------------------------
Sequential           2.023873e-03 4.705193e-06 3.646066e-07 2.028943e-03  99.0%
Combinational        9.020910e-06 9.720089e-06 1.420732e-06 2.016173e-05   1.0%
Clock                4.481010e-07 5.558624e-07 8.190417e-10 1.004782e-06   0.0%
Macro                0.000000e+00 0.000000e+00 0.000000e+00 0.000000e+00   0.0%
Pad                  0.000000e+00 0.000000e+00 0.000000e+00 0.000000e+00   0.0%
------------------------------------------------------------------------
Total                2.033343e-03 1.498115e-05 1.786131e-06 2.050110e-03 100.0%
                            99.2%         0.7%         0.1%

