
===========================================================================
 report_power
============================================================================
======================= nom_typ_1p20V_25C Corner ===================================

Group                    Internal    Switching      Leakage        Total
                            Power        Power        Power        Power (Watts)
------------------------------------------------------------------------
Sequential           2.437840e-03 8.858213e-06 3.646066e-07 2.447063e-03  98.9%
Combinational        1.006161e-05 1.573853e-05 1.420732e-06 2.722087e-05   1.1%
Clock                3.916899e-07 5.704724e-07 8.190417e-10 9.629813e-07   0.0%
Macro                0.000000e+00 0.000000e+00 0.000000e+00 0.000000e+00   0.0%
Pad                  0.000000e+00 0.000000e+00 0.000000e+00 0.000000e+00   0.0%
------------------------------------------------------------------------
Total                2.448293e-03 2.516721e-05 1.786131e-06 2.475246e-03 100.0%
                            98.9%         1.0%         0.1%
Writing metric power__internal__total: 0.002448293147608638
Writing metric power__switching__total: 2.5167206331389025e-5
Writing metric power__leakage__total: 1.7861307242128532e-6
Writing metric power__total: 0.0024752463214099407

