
===========================================================================
 report_power
============================================================================
======================= nom_fast_1p32V_m40C Corner ===================================

Group                    Internal    Switching      Leakage        Total
                            Power        Power        Power        Power (Watts)
------------------------------------------------------------------------
Sequential           2.507809e-03 1.185793e-05 7.868530e-07 2.520454e-03  69.1%
Combinational        1.568481e-05 4.598112e-05 3.787449e-06 6.545338e-05   1.8%
Clock                5.292377e-04 5.151987e-04 1.610769e-05 1.060544e-03  29.1%
Macro                0.000000e+00 0.000000e+00 0.000000e+00 0.000000e+00   0.0%
Pad                  0.000000e+00 0.000000e+00 0.000000e+00 0.000000e+00   0.0%
------------------------------------------------------------------------
Total                3.052730e-03 5.730378e-04 2.068202e-05 3.646450e-03 100.0%
                            83.7%        15.7%         0.6%

