
===========================================================================
report_checks -unconstrained
===========================================================================
======================= nom_typ_1p20V_25C Corner ===================================

Startpoint: _23146_ (rising edge-triggered flip-flop clocked by clkA)
Endpoint: _23266_ (rising edge-triggered flip-flop clocked by clkA)
Path Group: clkA
Path Type: max

Fanout         Cap        Slew       Delay        Time   Description
---------------------------------------------------------------------------------------------
                                  0.000000    0.000000   clock clkA (rise edge)
                                  0.000000    0.000000   clock source latency
     1    0.161014    0.000000    0.000000    0.000000 ^ clkA (in)
                                                         clkA (net)
                      0.172510    0.086255    0.086255 ^ clkbuf_0_clkA/A (sg13g2_buf_16)
     4    0.207559    0.067029    0.144444    0.230699 ^ clkbuf_0_clkA/X (sg13g2_buf_16)
                                                         clknet_0_clkA (net)
                      0.100675    0.037633    0.268332 ^ clkbuf_2_2_0_clkA/A (sg13g2_buf_8)
     4    0.170112    0.100316    0.151279    0.419611 ^ clkbuf_2_2_0_clkA/X (sg13g2_buf_8)
                                                         clknet_2_2_0_clkA (net)
                      0.103325    0.013783    0.433394 ^ clkbuf_4_10__f_clkA/A (sg13g2_buf_16)
     6    0.137211    0.049299    0.118422    0.551816 ^ clkbuf_4_10__f_clkA/X (sg13g2_buf_16)
                                                         clknet_4_10__leaf_clkA (net)
                      0.055013    0.012921    0.564737 ^ clkbuf_leaf_58_clkA/A (sg13g2_buf_8)
     8    0.064257    0.044936    0.096620    0.661357 ^ clkbuf_leaf_58_clkA/X (sg13g2_buf_8)
                                                         clknet_leaf_58_clkA (net)
                      0.045298    0.003140    0.664497 ^ _23146_/CLK (sg13g2_dfrbpq_1)
     6    0.096649    0.302274    0.367518    1.032015 v _23146_/Q (sg13g2_dfrbpq_1)
                                                         u_FIR.sum[8][18] (net)
                      0.302834    0.011062    1.043077 v _16732_/A (sg13g2_nor4_1)
     2    0.016600    0.332720    0.371040    1.414117 ^ _16732_/Y (sg13g2_nor4_1)
                                                         _07888_ (net)
                      0.332724    0.001002    1.415119 ^ _16736_/A2 (sg13g2_a22oi_1)
     6    0.082153    0.495717    0.514603    1.929722 v _16736_/Y (sg13g2_a22oi_1)
                                                         _07892_ (net)
                      0.497739    0.025978    1.955699 v _16741_/S (sg13g2_mux2_1)
     8    0.071663    0.297752    0.417218    2.372917 ^ _16741_/X (sg13g2_mux2_1)
                                                         _07897_ (net)
                      0.297851    0.004566    2.377483 ^ _16759_/A0 (sg13g2_mux2_1)
     4    0.070199    0.291646    0.359781    2.737264 ^ _16759_/X (sg13g2_mux2_1)
                                                         _07915_ (net)
                      0.292515    0.013014    2.750278 ^ _16760_/B (sg13g2_and2_1)
     2    0.087928    0.362366    0.380537    3.130816 ^ _16760_/X (sg13g2_and2_1)
                                                         _07916_ (net)
                      0.362516    0.006331    3.137147 ^ fanout252/A (sg13g2_buf_1)
     4    0.089715    0.368798    0.385689    3.522835 ^ fanout252/X (sg13g2_buf_1)
                                                         net252 (net)
                      0.368923    0.005687    3.528522 ^ fanout249/A (sg13g2_buf_1)
     8    0.064382    0.267449    0.316784    3.845307 ^ fanout249/X (sg13g2_buf_1)
                                                         net249 (net)
                      0.267450    0.000398    3.845705 ^ _16770_/A2 (sg13g2_a22oi_1)
     4    0.024964    0.186630    0.252161    4.097866 v _16770_/Y (sg13g2_a22oi_1)
                                                         _07926_ (net)
                      0.186633    0.001145    4.099011 v _16783_/A2 (sg13g2_o21ai_1)
     2    0.010044    0.149369    0.183931    4.282942 ^ _16783_/Y (sg13g2_o21ai_1)
                                                         _07939_ (net)
                      0.149369    0.000326    4.283268 ^ _16802_/A2 (sg13g2_a21o_1)
     1    0.006101    0.043062    0.150717    4.433985 ^ _16802_/X (sg13g2_a21o_1)
                                                         _07958_ (net)
                      0.043062    0.000226    4.434210 ^ _16815_/B2 (sg13g2_a221oi_1)
     4    0.149899    0.878771    0.636303    5.070513 v _16815_/Y (sg13g2_a221oi_1)
                                                         _07971_ (net)
                      0.879370    0.019583    5.090096 v fanout129/A (sg13g2_buf_1)
     8    0.182198    0.572258    0.529854    5.619950 v fanout129/X (sg13g2_buf_1)
                                                         net129 (net)
                      0.620082    0.126831    5.746781 v _16818_/A (sg13g2_nor3_1)
     3    0.086427    1.101109    0.980109    6.726891 ^ _16818_/Y (sg13g2_nor3_1)
                                                         _07974_ (net)
                      1.101723    0.021814    6.748704 ^ fanout112/A (sg13g2_buf_1)
     8    0.115555    0.477440    0.520775    7.269480 ^ fanout112/X (sg13g2_buf_1)
                                                         net112 (net)
                      0.477477    0.003661    7.273140 ^ fanout111/A (sg13g2_buf_1)
     7    0.074996    0.310067    0.362429    7.635570 ^ fanout111/X (sg13g2_buf_1)
                                                         net111 (net)
                      0.310543    0.009991    7.645561 ^ fanout109/A (sg13g2_buf_1)
     8    0.083382    0.344137    0.354524    8.000084 ^ fanout109/X (sg13g2_buf_1)
                                                         net109 (net)
                      0.345688    0.018865    8.018950 ^ _18299_/A2 (sg13g2_a22oi_1)
     1    0.003572    0.095751    0.146805    8.165754 v _18299_/Y (sg13g2_a22oi_1)
                                                         _09409_ (net)
                      0.095751    0.000047    8.165802 v _18300_/B (sg13g2_nor2_1)
     2    0.012849    0.130688    0.134315    8.300117 ^ _18300_/Y (sg13g2_nor2_1)
                                                         _09410_ (net)
                      0.130731    0.000567    8.300683 ^ _18302_/B (sg13g2_xnor2_1)
     2    0.013403    0.147467    0.164960    8.465644 ^ _18302_/Y (sg13g2_xnor2_1)
                                                         _09412_ (net)
                      0.147467    0.000578    8.466222 ^ _18303_/B (sg13g2_xor2_1)
     2    0.019707    0.192355    0.228617    8.694839 ^ _18303_/X (sg13g2_xor2_1)
                                                         _09413_ (net)
                      0.192371    0.001486    8.696324 ^ _18336_/B (sg13g2_xnor2_1)
     2    0.012191    0.147710    0.176457    8.872782 ^ _18336_/Y (sg13g2_xnor2_1)
                                                         _09446_ (net)
                      0.147763    0.000568    8.873350 ^ _18339_/B (sg13g2_xor2_1)
     2    0.011115    0.122146    0.179105    9.052455 ^ _18339_/X (sg13g2_xor2_1)
                                                         _09449_ (net)
                      0.122146    0.000407    9.052862 ^ _18367_/B (sg13g2_xnor2_1)
     2    0.014185    0.151634    0.167020    9.219882 ^ _18367_/Y (sg13g2_xnor2_1)
                                                         _09477_ (net)
                      0.151639    0.000722    9.220604 ^ _18437_/B (sg13g2_xnor2_1)
     2    0.011680    0.137144    0.160630    9.381234 ^ _18437_/Y (sg13g2_xnor2_1)
                                                         _09547_ (net)
                      0.137144    0.000214    9.381448 ^ _18438_/A2 (sg13g2_a21oi_1)
     2    0.025820    0.181116    0.201470    9.582918 v _18438_/Y (sg13g2_a21oi_1)
                                                         _09548_ (net)
                      0.181170    0.002541    9.585459 v _18441_/A1 (sg13g2_o21ai_1)
     3    0.026822    0.292909    0.308104    9.893562 ^ _18441_/Y (sg13g2_o21ai_1)
                                                         _09551_ (net)
                      0.292974    0.003586    9.897148 ^ _18447_/B (sg13g2_and3_1)
     2    0.011547    0.067758    0.216053   10.113201 ^ _18447_/X (sg13g2_and3_1)
                                                         _09557_ (net)
                      0.067762    0.000584   10.113786 ^ _18453_/A1 (sg13g2_o21ai_1)
     2    0.010923    0.088307    0.107451   10.221236 v _18453_/Y (sg13g2_o21ai_1)
                                                         _09563_ (net)
                      0.088338    0.000567   10.221804 v _18457_/A1 (sg13g2_o21ai_1)
     3    0.020178    0.228282    0.228904   10.450707 ^ _18457_/Y (sg13g2_o21ai_1)
                                                         _09567_ (net)
                      0.228289    0.001062   10.451770 ^ _18458_/B (sg13g2_nand2b_1)
     1    0.006782    0.074172    0.116575   10.568345 v _18458_/Y (sg13g2_nand2b_1)
                                                         _09568_ (net)
                      0.074172    0.000290   10.568634 v _18460_/A2 (sg13g2_o21ai_1)
     1    0.006723    0.105056    0.120861   10.689495 ^ _18460_/Y (sg13g2_o21ai_1)
                                                         _09570_ (net)
                      0.105056    0.000123   10.689618 ^ _18474_/A (sg13g2_xnor2_1)
     2    0.078470    0.662079    0.521656   11.211274 ^ _18474_/Y (sg13g2_xnor2_1)
                                                         _09584_ (net)
                      0.664510    0.032873   11.244147 ^ fanout70/A (sg13g2_buf_1)
     8    0.053280    0.223486    0.332703   11.576850 ^ fanout70/X (sg13g2_buf_1)
                                                         net70 (net)
                      0.223486    0.001019   11.577868 ^ _18550_/B (sg13g2_xor2_1)
     3    0.016195    0.143224    0.187490   11.765359 v _18550_/X (sg13g2_xor2_1)
                                                         _09660_ (net)
                      0.143224    0.000231   11.765590 v _18551_/B (sg13g2_and2_1)
     2    0.010308    0.043998    0.135573   11.901163 v _18551_/X (sg13g2_and2_1)
                                                         _09661_ (net)
                      0.044002    0.000460   11.901623 v _18558_/A2 (sg13g2_a21oi_1)
     2    0.015032    0.159029    0.146945   12.048568 ^ _18558_/Y (sg13g2_a21oi_1)
                                                         _09668_ (net)
                      0.159036    0.001243   12.049811 ^ _18565_/A (sg13g2_or3_1)
     3    0.017030    0.079853    0.176624   12.226436 ^ _18565_/X (sg13g2_or3_1)
                                                         _09675_ (net)
                      0.079866    0.001040   12.227475 ^ _18568_/A (sg13g2_nand3_1)
     3    0.066648    0.558024    0.459189   12.686665 v _18568_/Y (sg13g2_nand3_1)
                                                         _09678_ (net)
                      0.558167    0.007580   12.694244 v _18571_/A (sg13g2_and2_1)
     1    0.011508    0.058103    0.200497   12.894741 v _18571_/X (sg13g2_and2_1)
                                                         _09681_ (net)
                      0.058110    0.000688   12.895429 v fanout35/A (sg13g2_buf_1)
     4    0.086135    0.271566    0.251761   13.147190 v fanout35/X (sg13g2_buf_1)
                                                         net35 (net)
                      0.271584    0.001897   13.149088 v fanout33/A (sg13g2_buf_1)
     8    0.058760    0.186685    0.259293   13.408381 v fanout33/X (sg13g2_buf_1)
                                                         net33 (net)
                      0.187097    0.007242   13.415623 v _18581_/A1 (sg13g2_a21o_1)
     1    0.005886    0.036582    0.158888   13.574511 v _18581_/X (sg13g2_a21o_1)
                                                         _09689_ (net)
                      0.036603    0.000187   13.574698 v _18583_/A1 (sg13g2_a21oi_1)
     1    0.003767    0.086233    0.069295   13.643993 ^ _18583_/Y (sg13g2_a21oi_1)
                                                         _00328_ (net)
                      0.086233    0.000101   13.644094 ^ _23266_/D (sg13g2_dfrbpq_1)
                                             13.644094   data arrival time

                                 20.000000   20.000000   clock clkA (rise edge)
                                  0.000000   20.000000   clock source latency
     1    0.161014    0.000000    0.000000   20.000000 ^ clkA (in)
                                                         clkA (net)
                      0.172510    0.086255   20.086254 ^ clkbuf_0_clkA/A (sg13g2_buf_16)
     4    0.207559    0.067029    0.144444   20.230700 ^ clkbuf_0_clkA/X (sg13g2_buf_16)
                                                         clknet_0_clkA (net)
                      0.085322    0.025377   20.256077 ^ clkbuf_2_0_0_clkA/A (sg13g2_buf_8)
     4    0.164571    0.096286    0.144379   20.400455 ^ clkbuf_2_0_0_clkA/X (sg13g2_buf_8)
                                                         clknet_2_0_0_clkA (net)
                      0.096654    0.005114   20.405569 ^ clkbuf_4_1__f_clkA/A (sg13g2_buf_16)
     6    0.129865    0.047076    0.113905   20.519474 ^ clkbuf_4_1__f_clkA/X (sg13g2_buf_16)
                                                         clknet_4_1__leaf_clkA (net)
                      0.054452    0.014252   20.533726 ^ clkbuf_leaf_73_clkA/A (sg13g2_buf_8)
    10    0.073391    0.049299    0.100284   20.634010 ^ clkbuf_leaf_73_clkA/X (sg13g2_buf_8)
                                                         clknet_leaf_73_clkA (net)
                      0.049573    0.002901   20.636911 ^ _23266_/CLK (sg13g2_dfrbpq_1)
                                 -0.200000   20.436911   clock uncertainty
                                  0.000000   20.436911   clock reconvergence pessimism
                                 -0.129831   20.307081   library setup time
                                             20.307081   data required time
---------------------------------------------------------------------------------------------
                                             20.307081   data required time
                                            -13.644094   data arrival time
---------------------------------------------------------------------------------------------
                                              6.662987   slack (MET)


Startpoint: spi_ss_n (input port clocked by spi_sclk)
Endpoint: _22980_ (rising edge-triggered flip-flop clocked by spi_sclk')
Path Group: spi_sclk
Path Type: max

Fanout         Cap        Slew       Delay        Time   Description
---------------------------------------------------------------------------------------------
                                  0.000000    0.000000   clock spi_sclk (rise edge)
                                  0.000000    0.000000   clock network delay (propagated)
                                 10.000000   10.000000 v input external delay
     1    0.007665    0.000000    0.000000   10.000000 v spi_ss_n (in)
                                                         spi_ss_n (net)
                      0.000340    0.000170   10.000170 v input3/A (sg13g2_buf_1)
     2    0.069482    0.220777    0.190409   10.190579 v input3/X (sg13g2_buf_1)
                                                         net3 (net)
                      0.224625    0.023388   10.213967 v fanout952/A (sg13g2_buf_1)
     8    0.060605    0.192673    0.254894   10.468862 v fanout952/X (sg13g2_buf_1)
                                                         net952 (net)
                      0.192790    0.002963   10.471825 v _11967_/A (sg13g2_nor2_1)
     4    0.022652    0.223308    0.231265   10.703090 ^ _11967_/Y (sg13g2_nor2_1)
                                                         _03387_ (net)
                      0.223308    0.000358   10.703447 ^ _11973_/A (sg13g2_and2_1)
     7    0.044999    0.189833    0.259529   10.962976 ^ _11973_/X (sg13g2_and2_1)
                                                         _03392_ (net)
                      0.189955    0.002764   10.965740 ^ _12109_/B (sg13g2_nand2_1)
     1    0.004673    0.057328    0.096432   11.062173 v _12109_/Y (sg13g2_nand2_1)
                                                         _03520_ (net)
                      0.057328    0.000147   11.062321 v hold1667/A (sg13g2_dlygate4sd3_1)
     1    0.007224    0.048567    0.401946   11.464267 v hold1667/X (sg13g2_dlygate4sd3_1)
                                                         net1666 (net)
                      0.048567    0.000313   11.464579 v _12127_/B1 (sg13g2_o21ai_1)
     1    0.003463    0.084797    0.044693   11.509272 ^ _12127_/Y (sg13g2_o21ai_1)
                                                         _00042_ (net)
                      0.084797    0.000083   11.509356 ^ hold1668/A (sg13g2_dlygate4sd3_1)
     1    0.004078    0.038303    0.390206   11.899562 ^ hold1668/X (sg13g2_dlygate4sd3_1)
                                                         net1667 (net)
                      0.038303    0.000120   11.899682 ^ _22980_/D (sg13g2_dfrbpq_1)
                                             11.899682   data arrival time

                                 50.000000   50.000000   clock spi_sclk' (rise edge)
                                  0.000000   50.000000   clock source latency
     1    0.096946    0.000000    0.000000   50.000000 v spi_sclk (in)
                                                         spi_sclk (net)
                      0.058428    0.029214   50.029213 v clkbuf_0_spi_sclk/A (sg13g2_buf_16)
     8    0.182985    0.051948    0.106770   50.135983 v clkbuf_0_spi_sclk/X (sg13g2_buf_16)
                                                         clknet_0_spi_sclk (net)
                      0.053810    0.007464   50.143448 v clkbuf_3_0__f_spi_sclk/A (sg13g2_buf_16)
     7    0.050277    0.026037    0.087535   50.230980 v clkbuf_3_0__f_spi_sclk/X (sg13g2_buf_16)
                                                         clknet_3_0__leaf_spi_sclk (net)
                      0.026375    0.003631   50.234612 v _22967__1638/A (sg13g2_inv_1)
     1    0.005297    0.029984    0.035207   50.269821 ^ _22967__1638/Y (sg13g2_inv_1)
                                                         net1637 (net)
                      0.029985    0.000160   50.269981 ^ _22980_/CLK (sg13g2_dfrbpq_1)
                                 -0.500000   49.769981   clock uncertainty
                                  0.000000   49.769981   clock reconvergence pessimism
                                 -0.117216   49.652767   library setup time
                                             49.652767   data required time
---------------------------------------------------------------------------------------------
                                             49.652767   data required time
                                            -11.899682   data arrival time
---------------------------------------------------------------------------------------------
                                             37.753082   slack (MET)




===========================================================================
report_checks --slack_max -0.01
============================================================================
======================= nom_typ_1p20V_25C Corner ===================================

No paths found.


===========================================================================
 report_check_types -max_slew -max_cap -max_fanout -violators
============================================================================
======================= nom_typ_1p20V_25C Corner ===================================

max fanout

Pin                                   Limit Fanout  Slack
---------------------------------------------------------
clkbuf_leaf_34_clkA/X                     8     13     -5 (VIOLATED)
clkbuf_leaf_35_clkA/X                     8     13     -5 (VIOLATED)
clkbuf_leaf_70_clkA/X                     8     13     -5 (VIOLATED)
clkbuf_leaf_71_clkA/X                     8     13     -5 (VIOLATED)
clkbuf_leaf_17_clkA/X                     8     12     -4 (VIOLATED)
clkbuf_leaf_18_clkA/X                     8     12     -4 (VIOLATED)
clkbuf_leaf_23_clkA/X                     8     12     -4 (VIOLATED)
clkbuf_leaf_24_clkA/X                     8     12     -4 (VIOLATED)
clkbuf_leaf_25_clkA/X                     8     12     -4 (VIOLATED)
clkbuf_leaf_66_clkA/X                     8     12     -4 (VIOLATED)
clkbuf_leaf_68_clkA/X                     8     12     -4 (VIOLATED)
clkbuf_leaf_6_clkA/X                      8     12     -4 (VIOLATED)
clkbuf_leaf_22_clkA/X                     8     11     -3 (VIOLATED)
clkbuf_leaf_26_clkA/X                     8     11     -3 (VIOLATED)
clkbuf_leaf_27_clkA/X                     8     11     -3 (VIOLATED)
clkbuf_leaf_28_clkA/X                     8     11     -3 (VIOLATED)
clkbuf_leaf_29_clkA/X                     8     11     -3 (VIOLATED)
clkbuf_leaf_30_clkA/X                     8     11     -3 (VIOLATED)
clkbuf_leaf_31_clkA/X                     8     11     -3 (VIOLATED)
clkbuf_leaf_47_clkA/X                     8     11     -3 (VIOLATED)
clkbuf_leaf_5_clkA/X                      8     11     -3 (VIOLATED)
clkbuf_leaf_61_clkA/X                     8     11     -3 (VIOLATED)
clkbuf_leaf_63_clkA/X                     8     11     -3 (VIOLATED)
clkbuf_leaf_67_clkA/X                     8     11     -3 (VIOLATED)
clkbuf_leaf_69_clkA/X                     8     11     -3 (VIOLATED)
clkbuf_leaf_72_clkA/X                     8     11     -3 (VIOLATED)
clkbuf_leaf_76_clkA/X                     8     11     -3 (VIOLATED)
clkbuf_leaf_77_clkA/X                     8     11     -3 (VIOLATED)
clkbuf_leaf_78_clkA/X                     8     11     -3 (VIOLATED)
clkbuf_leaf_79_clkA/X                     8     11     -3 (VIOLATED)
clkbuf_leaf_32_clkA/X                     8     10     -2 (VIOLATED)
clkbuf_leaf_33_clkA/X                     8     10     -2 (VIOLATED)
clkbuf_leaf_3_clkA/X                      8     10     -2 (VIOLATED)
clkbuf_leaf_42_clkA/X                     8     10     -2 (VIOLATED)
clkbuf_leaf_44_clkA/X                     8     10     -2 (VIOLATED)
clkbuf_leaf_45_clkA/X                     8     10     -2 (VIOLATED)
clkbuf_leaf_48_clkA/X                     8     10     -2 (VIOLATED)
clkbuf_leaf_49_clkA/X                     8     10     -2 (VIOLATED)
clkbuf_leaf_64_clkA/X                     8     10     -2 (VIOLATED)
clkbuf_leaf_73_clkA/X                     8     10     -2 (VIOLATED)
clkbuf_leaf_75_clkA/X                     8     10     -2 (VIOLATED)
clkbuf_leaf_7_clkA/X                      8     10     -2 (VIOLATED)
clkbuf_leaf_82_clkA/X                     8     10     -2 (VIOLATED)
clkbuf_leaf_13_clkA/X                     8      9        (VIOLATED)
fanout558/X                               8      9        (VIOLATED)



===========================================================================
report_parasitic_annotation -report_unannotated
============================================================================
Found 60 unannotated drivers.
 clkload0/X
 clkload1/X
 clkload10/X
 clkload11/X
 clkload12/Y
 clkload13/Y
 clkload14/X
 clkload15/Y
 clkload16/X
 clkload17/Y
 clkload18/Y
 clkload19/Y
 clkload2/X
 clkload20/Y
 clkload21/X
 clkload22/Y
 clkload23/Y
 clkload24/Y
 clkload25/Y
 clkload26/Y
 clkload27/X
 clkload28/X
 clkload29/X
 clkload3/X
 clkload30/Y
 clkload31/Y
 clkload32/Y
 clkload33/Y
 clkload34/Y
 clkload35/Y
 clkload36/Y
 clkload37/Y
 clkload38/X
 clkload39/Y
 clkload4/X
 clkload40/Y
 clkload41/Y
 clkload42/Y
 clkload43/Y
 clkload44/Y
 clkload45/Y
 clkload46/Y
 clkload47/Y
 clkload48/Y
 clkload49/Y
 clkload5/X
 clkload50/Y
 clkload51/Y
 clkload52/Y
 clkload53/Y
 clkload54/Y
 clkload55/Y
 clkload56/Y
 clkload57/Y
 clkload58/Y
 clkload59/Y
 clkload6/X
 clkload7/X
 clkload8/X
 clkload9/X
Found 0 partially unannotated drivers.

===========================================================================
max slew violation count 0
Writing metric design__max_slew_violation__count__corner:nom_typ_1p20V_25C: 0
max fanout violation count 45
Writing metric design__max_fanout_violation__count__corner:nom_typ_1p20V_25C: 45
max cap violation count 0
Writing metric design__max_cap_violation__count__corner:nom_typ_1p20V_25C: 0
============================================================================

===========================================================================
check_setup -verbose -unconstrained_endpoints -multiple_clock -no_clock -no_input_delay -loops -generated_clocks
===========================================================================
Warning: There is 1 input port missing set_input_delay.
  reset
Warning: There are 2 unconstrained endpoints.
  spi_miso
  y_serial
