
===========================================================================
 report_power
============================================================================
======================= nom_typ_1p20V_25C Corner ===================================

Group                    Internal    Switching      Leakage        Total
                            Power        Power        Power        Power (Watts)
------------------------------------------------------------------------
Sequential           2.059354e-03 1.066538e-05 3.646066e-07 2.070384e-03  61.7%
Combinational        3.642494e-05 5.749827e-05 1.871524e-06 9.579473e-05   2.9%
Clock                5.466416e-04 6.420877e-04 1.165882e-07 1.188846e-03  35.4%
Macro                0.000000e+00 0.000000e+00 0.000000e+00 0.000000e+00   0.0%
Pad                  0.000000e+00 0.000000e+00 0.000000e+00 0.000000e+00   0.0%
------------------------------------------------------------------------
Total                2.642422e-03 7.102510e-04 2.352608e-06 3.355025e-03 100.0%
                            78.8%        21.2%         0.1%
Writing metric power__internal__total: 0.002642421517521143
Writing metric power__switching__total: 0.0007102509844116867
Writing metric power__leakage__total: 2.3526079075963935e-6
Writing metric power__total: 0.0033550250809639692

