
===========================================================================
 report_power
============================================================================
======================= nom_typ_1p20V_25C Corner ===================================

Group                    Internal    Switching      Leakage        Total
                            Power        Power        Power        Power (Watts)
------------------------------------------------------------------------
Sequential           2.345060e-03 8.046049e-06 3.646066e-07 2.353471e-03  98.9%
Combinational        9.685671e-06 1.365197e-05 1.420732e-06 2.475837e-05   1.0%
Clock                4.024571e-07 5.658300e-07 8.190417e-10 9.691061e-07   0.0%
Macro                0.000000e+00 0.000000e+00 0.000000e+00 0.000000e+00   0.0%
Pad                  0.000000e+00 0.000000e+00 0.000000e+00 0.000000e+00   0.0%
------------------------------------------------------------------------
Total                2.355148e-03 2.226385e-05 1.786131e-06 2.379198e-03 100.0%
                            99.0%         0.9%         0.1%
Writing metric power__internal__total: 0.002355148084461689
Writing metric power__switching__total: 2.2263846403802745e-5
Writing metric power__leakage__total: 1.7861307242128532e-6
Writing metric power__total: 0.002379197860136628

