
===========================================================================
 report_power
============================================================================
======================= nom_slow_1p08V_125C Corner ===================================

Group                    Internal    Switching      Leakage        Total
                            Power        Power        Power        Power (Watts)
------------------------------------------------------------------------
Sequential           1.645760e-03 7.574678e-06 1.720477e-06 1.655055e-03  70.1%
Combinational        9.784556e-06 2.943274e-05 6.242021e-06 4.545932e-05   1.9%
Clock                3.249800e-04 3.342556e-04 2.134602e-06 6.613701e-04  28.0%
Macro                0.000000e+00 0.000000e+00 0.000000e+00 0.000000e+00   0.0%
Pad                  0.000000e+00 0.000000e+00 0.000000e+00 0.000000e+00   0.0%
------------------------------------------------------------------------
Total                1.980524e-03 3.712630e-04 1.009720e-05 2.361885e-03 100.0%
                            83.9%        15.7%         0.4%

