
===========================================================================
 report_power
============================================================================
======================= nom_typ_1p20V_25C Corner ===================================

Group                    Internal    Switching      Leakage        Total
                            Power        Power        Power        Power (Watts)
------------------------------------------------------------------------
Sequential           2.065227e-03 7.660412e-06 3.646066e-07 2.073252e-03  71.4%
Combinational        1.231315e-05 3.086456e-05 1.539081e-06 4.471679e-05   1.5%
Clock                4.144926e-04 3.696473e-04 9.301077e-08 7.842330e-04  27.0%
Macro                0.000000e+00 0.000000e+00 0.000000e+00 0.000000e+00   0.0%
Pad                  0.000000e+00 0.000000e+00 0.000000e+00 0.000000e+00   0.0%
------------------------------------------------------------------------
Total                2.492030e-03 4.081723e-04 1.996661e-06 2.902200e-03 100.0%
                            85.9%        14.1%         0.1%
Writing metric power__internal__total: 0.0024920303840190172
Writing metric power__switching__total: 0.0004081723454874009
Writing metric power__leakage__total: 1.996660785152926e-6
Writing metric power__total: 0.002902199514210224

