
===========================================================================
 report_power
============================================================================
======================= nom_typ_1p20V_25C Corner ===================================

Group                    Internal    Switching      Leakage        Total
                            Power        Power        Power        Power (Watts)
------------------------------------------------------------------------
Sequential           4.129943e-03 1.524612e-05 3.646066e-07 4.145553e-03  71.8%
Combinational        2.476413e-05 6.023520e-05 1.537893e-06 8.653723e-05   1.5%
Clock                8.290592e-04 7.106453e-04 9.215145e-08 1.539797e-03  26.7%
Macro                0.000000e+00 0.000000e+00 0.000000e+00 0.000000e+00   0.0%
Pad                  0.000000e+00 0.000000e+00 0.000000e+00 0.000000e+00   0.0%
------------------------------------------------------------------------
Total                4.983759e-03 7.861266e-04 1.994614e-06 5.771880e-03 100.0%
                            86.3%        13.6%         0.0%
Writing metric power__internal__total: 0.004983759019523859
Writing metric power__switching__total: 0.0007861266494728625
Writing metric power__leakage__total: 1.9946135125792352e-6
Writing metric power__total: 0.0057718800380826

