
===========================================================================
 report_power
============================================================================
======================= nom_slow_1p08V_125C Corner ===================================

Group                    Internal    Switching      Leakage        Total
                            Power        Power        Power        Power (Watts)
------------------------------------------------------------------------
Sequential           1.687978e-03 3.572512e-06 1.720477e-06 1.693271e-03  98.8%
Combinational        6.817925e-06 7.407454e-06 5.660865e-06 1.988624e-05   1.2%
Clock                3.655797e-07 4.223452e-07 3.984770e-09 7.919097e-07   0.0%
Macro                0.000000e+00 0.000000e+00 0.000000e+00 0.000000e+00   0.0%
Pad                  0.000000e+00 0.000000e+00 0.000000e+00 0.000000e+00   0.0%
------------------------------------------------------------------------
Total                1.695162e-03 1.140231e-05 7.385467e-06 1.713949e-03 100.0%
                            98.9%         0.7%         0.4%

