
===========================================================================
report_checks -unconstrained
===========================================================================
======================= nom_slow_1p08V_125C Corner ===================================

Startpoint: _23145_ (rising edge-triggered flip-flop clocked by clkA)
Endpoint: _23268_ (rising edge-triggered flip-flop clocked by clkA)
Path Group: clkA
Path Type: max

Fanout         Cap        Slew       Delay        Time   Description
---------------------------------------------------------------------------------------------
                                  0.000000    0.000000   clock clkA (rise edge)
                                  0.000000    0.000000   clock source latency
     1    0.071478    0.000000    0.000000    0.000000 ^ clkA (in)
                                                         clkA (net)
                      0.034148    0.017074    0.017074 ^ clkbuf_0_clkA/A (sg13g2_buf_16)
    16    0.303607    0.140451    0.161698    0.178772 ^ clkbuf_0_clkA/X (sg13g2_buf_16)
                                                         clknet_0_clkA (net)
                      0.154682    0.034211    0.212984 ^ clkbuf_4_5_0_clkA/A (sg13g2_buf_8)
     5    0.073206    0.078282    0.195078    0.408062 ^ clkbuf_4_5_0_clkA/X (sg13g2_buf_8)
                                                         clknet_4_5_0_clkA (net)
                      0.078789    0.004925    0.412987 ^ clkbuf_leaf_44_clkA/A (sg13g2_buf_8)
    10    0.052244    0.060028    0.148247    0.561234 ^ clkbuf_leaf_44_clkA/X (sg13g2_buf_8)
                                                         clknet_leaf_44_clkA (net)
                      0.060038    0.000831    0.562065 ^ _23145_/CLK (sg13g2_dfrbpq_1)
     3    0.015248    0.090298    0.320880    0.882945 v _23145_/Q (sg13g2_dfrbpq_1)
                                                         u_FIR.sum[8][17] (net)
                      0.090309    0.000998    0.883943 v _16732_/B (sg13g2_nor4_2)
     2    0.007758    0.191651    0.252242    1.136185 ^ _16732_/Y (sg13g2_nor4_2)
                                                         _07888_ (net)
                      0.191651    0.000395    1.136581 ^ _16736_/A1 (sg13g2_a22oi_1)
     1    0.003910    0.105355    0.160673    1.297254 v _16736_/Y (sg13g2_a22oi_1)
                                                         _07892_ (net)
                      0.105355    0.000156    1.297410 v rebuffer1645/A (sg13g2_buf_4)
     4    0.045540    0.079600    0.184686    1.482096 v rebuffer1645/X (sg13g2_buf_4)
                                                         net1644 (net)
                      0.080184    0.005228    1.487324 v rebuffer1644/A (sg13g2_buf_1)
     3    0.013179    0.081139    0.157887    1.645211 v rebuffer1644/X (sg13g2_buf_1)
                                                         net1643 (net)
                      0.081143    0.000682    1.645894 v _16746_/S (sg13g2_mux2_2)
     5    0.023889    0.109050    0.286562    1.932456 v _16746_/X (sg13g2_mux2_2)
                                                         _07902_ (net)
                      0.109102    0.002203    1.934660 v _16748_/C (sg13g2_nor4_2)
     2    0.008708    0.211136    0.243023    2.177683 ^ _16748_/Y (sg13g2_nor4_2)
                                                         _07904_ (net)
                      0.211136    0.000214    2.177896 ^ rebuffer2156/A (sg13g2_buf_1)
     2    0.006027    0.058273    0.178467    2.356364 ^ rebuffer2156/X (sg13g2_buf_1)
                                                         net2155 (net)
                      0.058275    0.000318    2.356681 ^ rebuffer2070/A (sg13g2_buf_2)
     4    0.016001    0.066859    0.141926    2.498607 ^ rebuffer2070/X (sg13g2_buf_2)
                                                         net2069 (net)
                      0.066892    0.001375    2.499982 ^ _16790_/A1 (sg13g2_a21oi_1)
     2    0.011554    0.184521    0.156388    2.656369 v _16790_/Y (sg13g2_a21oi_1)
                                                         _07946_ (net)
                      0.184521    0.000825    2.657194 v _16793_/A (sg13g2_xnor2_1)
     2    0.010299    0.208328    0.233313    2.890507 ^ _16793_/Y (sg13g2_xnor2_1)
                                                         _07949_ (net)
                      0.208328    0.000317    2.890824 ^ rebuffer2160/A (sg13g2_buf_1)
     1    0.004852    0.051835    0.172222    3.063046 ^ rebuffer2160/X (sg13g2_buf_1)
                                                         net2159 (net)
                      0.051835    0.000288    3.063334 ^ rebuffer2159/A (sg13g2_buf_1)
     1    0.004004    0.041262    0.105501    3.168835 ^ rebuffer2159/X (sg13g2_buf_1)
                                                         net2158 (net)
                      0.041263    0.000287    3.169122 ^ rebuffer2158/A (sg13g2_buf_1)
     1    0.003599    0.038676    0.098122    3.267244 ^ rebuffer2158/X (sg13g2_buf_1)
                                                         net2157 (net)
                      0.038677    0.000239    3.267483 ^ rebuffer2154/A (sg13g2_buf_1)
     1    0.004919    0.046101    0.102754    3.370236 ^ rebuffer2154/X (sg13g2_buf_1)
                                                         net2153 (net)
                      0.046103    0.000324    3.370560 ^ _16809_/A2 (sg13g2_a21oi_1)
     2    0.006985    0.108192    0.120830    3.491390 v _16809_/Y (sg13g2_a21oi_1)
                                                         _07965_ (net)
                      0.108192    0.000223    3.491612 v _16811_/A1 (sg13g2_o21ai_1)
     1    0.002976    0.102181    0.156068    3.647681 ^ _16811_/Y (sg13g2_o21ai_1)
                                                         _07967_ (net)
                      0.102181    0.000116    3.647797 ^ rebuffer2137/A (sg13g2_buf_2)
     3    0.018695    0.076138    0.171755    3.819551 ^ rebuffer2137/X (sg13g2_buf_2)
                                                         net2136 (net)
                      0.076344    0.002790    3.822342 ^ _16813_/A (sg13g2_xnor2_1)
     2    0.013284    0.222664    0.219909    4.042251 ^ _16813_/Y (sg13g2_xnor2_1)
                                                         _07969_ (net)
                      0.222738    0.000520    4.042771 ^ _16817_/A (sg13g2_nor2_2)
     2    0.029142    0.126255    0.192532    4.235303 v _16817_/Y (sg13g2_nor2_2)
                                                         _07973_ (net)
                      0.126411    0.002825    4.238128 v fanout123/A (sg13g2_buf_4)
     8    0.127559    0.181220    0.259311    4.497439 v fanout123/X (sg13g2_buf_4)
                                                         net123 (net)
                      0.199436    0.044121    4.541560 v _16818_/C (sg13g2_nor3_2)
     2    0.012246    0.187955    0.206882    4.748442 ^ _16818_/Y (sg13g2_nor3_2)
                                                         _07974_ (net)
                      0.187955    0.000450    4.748892 ^ rebuffer1648/A (sg13g2_buf_8)
     2    0.054018    0.065796    0.194352    4.943244 ^ rebuffer1648/X (sg13g2_buf_8)
                                                         net1647 (net)
                      0.070206    0.013181    4.956426 ^ fanout109/A (sg13g2_buf_4)
     6    0.058043    0.112222    0.210284    5.166710 ^ fanout109/X (sg13g2_buf_4)
                                                         net109 (net)
                      0.112457    0.003706    5.170416 ^ fanout108/A (sg13g2_buf_4)
     5    0.051089    0.103790    0.222402    5.392818 ^ fanout108/X (sg13g2_buf_4)
                                                         net108 (net)
                      0.105202    0.009638    5.402456 ^ fanout107/A (sg13g2_buf_4)
     5    0.044400    0.092464    0.213619    5.616075 ^ fanout107/X (sg13g2_buf_4)
                                                         net107 (net)
                      0.092519    0.002073    5.618147 ^ fanout106/A (sg13g2_buf_4)
     8    0.051427    0.103636    0.212772    5.830919 ^ fanout106/X (sg13g2_buf_4)
                                                         net106 (net)
                      0.104629    0.008102    5.839022 ^ _18161_/B (sg13g2_nand2_2)
     3    0.012761    0.122853    0.127535    5.966557 v _18161_/Y (sg13g2_nand2_2)
                                                         _09271_ (net)
                      0.122853    0.000374    5.966931 v _18196_/B (sg13g2_xor2_1)
     2    0.008446    0.120013    0.201167    6.168097 v _18196_/X (sg13g2_xor2_1)
                                                         _09306_ (net)
                      0.120013    0.000556    6.168653 v _18198_/B (sg13g2_xnor2_1)
     2    0.008615    0.116685    0.207038    6.375691 v _18198_/Y (sg13g2_xnor2_1)
                                                         _09308_ (net)
                      0.116685    0.000485    6.376176 v _18232_/B (sg13g2_xnor2_1)
     2    0.009606    0.128181    0.212425    6.588602 v _18232_/Y (sg13g2_xnor2_1)
                                                         _09342_ (net)
                      0.128181    0.000626    6.589228 v _18234_/B (sg13g2_xnor2_1)
     2    0.009209    0.129544    0.214187    6.803415 v _18234_/Y (sg13g2_xnor2_1)
                                                         _09344_ (net)
                      0.129545    0.000664    6.804079 v _18275_/A (sg13g2_xor2_1)
     2    0.008199    0.126586    0.211647    7.015727 v _18275_/X (sg13g2_xor2_1)
                                                         _09385_ (net)
                      0.126587    0.000560    7.016286 v _18277_/B (sg13g2_xnor2_1)
     2    0.009336    0.124476    0.214473    7.230760 v _18277_/Y (sg13g2_xnor2_1)
                                                         _09387_ (net)
                      0.124476    0.000590    7.231350 v _18278_/B (sg13g2_xnor2_1)
     2    0.007315    0.100724    0.199867    7.431217 v _18278_/Y (sg13g2_xnor2_1)
                                                         _09388_ (net)
                      0.100724    0.000419    7.431636 v _18311_/B1 (sg13g2_a21oi_1)
     3    0.010601    0.175191    0.188972    7.620607 ^ _18311_/Y (sg13g2_a21oi_1)
                                                         _09421_ (net)
                      0.175192    0.000280    7.620887 ^ _18313_/A_N (sg13g2_nand2b_1)
     1    0.003189    0.056465    0.158702    7.779590 ^ _18313_/Y (sg13g2_nand2b_1)
                                                         _09423_ (net)
                      0.056465    0.000125    7.779715 ^ _18314_/A (sg13g2_inv_1)
     3    0.012625    0.077421    0.090068    7.869783 v _18314_/Y (sg13g2_inv_1)
                                                         _09424_ (net)
                      0.077426    0.000642    7.870425 v _18447_/A (sg13g2_and3_1)
     2    0.006856    0.052990    0.145314    8.015739 v _18447_/X (sg13g2_and3_1)
                                                         _09557_ (net)
                      0.052990    0.000206    8.015945 v _18453_/A1 (sg13g2_o21ai_1)
     2    0.006709    0.153951    0.173591    8.189536 ^ _18453_/Y (sg13g2_o21ai_1)
                                                         _09563_ (net)
                      0.153951    0.000203    8.189739 ^ _18454_/B_N (sg13g2_nor2b_1)
     1    0.006188    0.120137    0.219251    8.408990 ^ _18454_/Y (sg13g2_nor2b_1)
                                                         _09564_ (net)
                      0.120137    0.000450    8.409440 ^ _18481_/B (sg13g2_xnor2_1)
     2    0.038846    0.526430    0.463857    8.873298 ^ _18481_/Y (sg13g2_xnor2_1)
                                                         _09591_ (net)
                      0.526492    0.004770    8.878068 ^ _18542_/A (sg13g2_xor2_1)
     2    0.007329    0.175469    0.345756    9.223825 ^ _18542_/X (sg13g2_xor2_1)
                                                         _09652_ (net)
                      0.175469    0.000234    9.224059 ^ _18543_/A1 (sg13g2_o21ai_1)
     2    0.011331    0.146855    0.209282    9.433341 v _18543_/Y (sg13g2_o21ai_1)
                                                         _09653_ (net)
                      0.146855    0.000671    9.434013 v _18546_/A1 (sg13g2_a21oi_2)
     2    0.010514    0.105191    0.154970    9.588984 ^ _18546_/Y (sg13g2_a21oi_2)
                                                         _09656_ (net)
                      0.105198    0.000629    9.589612 ^ _18548_/A2 (sg13g2_o21ai_1)
     2    0.009393    0.134293    0.154317    9.743930 v _18548_/Y (sg13g2_o21ai_1)
                                                         _09658_ (net)
                      0.134293    0.000503    9.744432 v _18558_/A1 (sg13g2_a21oi_1)
     2    0.008715    0.152298    0.187060    9.931493 ^ _18558_/Y (sg13g2_a21oi_1)
                                                         _09668_ (net)
                      0.152298    0.000517    9.932010 ^ _18565_/A (sg13g2_or3_1)
     3    0.011416    0.088671    0.222166   10.154176 ^ _18565_/X (sg13g2_or3_1)
                                                         _09675_ (net)
                      0.088672    0.000476   10.154652 ^ _18568_/A (sg13g2_nand3_1)
     3    0.023220    0.345867    0.322261   10.476912 v _18568_/Y (sg13g2_nand3_1)
                                                         _09678_ (net)
                      0.345877    0.001529   10.478441 v _18571_/A (sg13g2_and2_2)
     3    0.026814    0.097165    0.302586   10.781028 v _18571_/X (sg13g2_and2_2)
                                                         _09681_ (net)
                      0.097190    0.001532   10.782560 v fanout34/A (sg13g2_buf_2)
     5    0.026304    0.085207    0.186237   10.968797 v fanout34/X (sg13g2_buf_2)
                                                         net34 (net)
                      0.085234    0.001435   10.970232 v fanout33/A (sg13g2_buf_2)
     8    0.034300    0.105672    0.196476   11.166708 v fanout33/X (sg13g2_buf_2)
                                                         net33 (net)
                      0.105772    0.002903   11.169610 v _18589_/A1 (sg13g2_a21o_1)
     1    0.003629    0.046143    0.190643   11.360253 v _18589_/X (sg13g2_a21o_1)
                                                         _09695_ (net)
                      0.046143    0.000144   11.360397 v _18591_/A1 (sg13g2_a21oi_1)
     1    0.003354    0.109982    0.102685   11.463082 ^ _18591_/Y (sg13g2_a21oi_1)
                                                         _00330_ (net)
                      0.109984    0.000202   11.463284 ^ _23268_/D (sg13g2_dfrbpq_1)
                                             11.463284   data arrival time

                                 10.000000   10.000000   clock clkA (rise edge)
                                  0.000000   10.000000   clock source latency
     1    0.071478    0.000000    0.000000   10.000000 ^ clkA (in)
                                                         clkA (net)
                      0.034148    0.017074   10.017075 ^ clkbuf_0_clkA/A (sg13g2_buf_16)
    16    0.303607    0.140451    0.161698   10.178773 ^ clkbuf_0_clkA/X (sg13g2_buf_16)
                                                         clknet_0_clkA (net)
                      0.153965    0.033330   10.212103 ^ clkbuf_4_4_0_clkA/A (sg13g2_buf_8)
     5    0.062524    0.070552    0.188121   10.400223 ^ clkbuf_4_4_0_clkA/X (sg13g2_buf_8)
                                                         clknet_4_4_0_clkA (net)
                      0.071241    0.005431   10.405654 ^ clkbuf_leaf_48_clkA/A (sg13g2_buf_8)
    13    0.055721    0.062500    0.145736   10.551391 ^ clkbuf_leaf_48_clkA/X (sg13g2_buf_8)
                                                         clknet_leaf_48_clkA (net)
                      0.062720    0.002552   10.553942 ^ _23268_/CLK (sg13g2_dfrbpq_1)
                                  0.000000   10.553942   clock reconvergence pessimism
                                 -0.219426   10.334517   library setup time
                                             10.334517   data required time
---------------------------------------------------------------------------------------------
                                             10.334517   data required time
                                            -11.463284   data arrival time
---------------------------------------------------------------------------------------------
                                             -1.128767   slack (VIOLATED)


Startpoint: _23736_ (rising edge-triggered flip-flop clocked by spi_sclk)
Endpoint: _22983_ (rising edge-triggered flip-flop clocked by spi_sclk')
Path Group: spi_sclk
Path Type: max

Fanout         Cap        Slew       Delay        Time   Description
---------------------------------------------------------------------------------------------
                                  0.000000    0.000000   clock spi_sclk (rise edge)
                                  0.000000    0.000000   clock source latency
     1    0.039773    0.000000    0.000000    0.000000 ^ spi_sclk (in)
                                                         spi_sclk (net)
                      0.006484    0.003242    0.003242 ^ clkbuf_0_spi_sclk/A (sg13g2_buf_16)
     8    0.152144    0.078366    0.115136    0.118378 ^ clkbuf_0_spi_sclk/X (sg13g2_buf_16)
                                                         clknet_0_spi_sclk (net)
                      0.082225    0.013516    0.131894 ^ clkbuf_3_5__f_spi_sclk/A (sg13g2_buf_16)
     7    0.031010    0.035307    0.128117    0.260011 ^ clkbuf_3_5__f_spi_sclk/X (sg13g2_buf_16)
                                                         clknet_3_5__leaf_spi_sclk (net)
                      0.035313    0.000924    0.260935 ^ _23736_/CLK (sg13g2_dfrbpq_1)
     4    0.016817    0.098005    0.313275    0.574210 v _23736_/Q (sg13g2_dfrbpq_1)
                                                         spi_addr[2] (net)
                      0.098011    0.000850    0.575060 v _11981_/B (sg13g2_nor2_1)
     4    0.015101    0.219351    0.215346    0.790406 ^ _11981_/Y (sg13g2_nor2_1)
                                                         _03398_ (net)
                      0.219354    0.000754    0.791161 ^ _11989_/B (sg13g2_nand3b_1)
     4    0.014546    0.246842    0.302936    1.094097 v _11989_/Y (sg13g2_nand3b_1)
                                                         _03406_ (net)
                      0.246842    0.000770    1.094867 v _12021_/D (sg13g2_nor4_1)
     8    0.055487    1.479200    1.206727    2.301593 ^ _12021_/Y (sg13g2_nor4_1)
                                                         _03438_ (net)
                      1.479246    0.007023    2.308616 ^ _12053_/B1 (sg13g2_a22oi_1)
     1    0.023680    0.464984    0.676910    2.985525 v _12053_/Y (sg13g2_a22oi_1)
                                                         _03467_ (net)
                      0.464991    0.002751    2.988277 v _12067_/A (sg13g2_nand4_1)
     1    0.003895    0.131695    0.165189    3.153466 ^ _12067_/Y (sg13g2_nand4_1)
                                                         _03481_ (net)
                      0.131695    0.000295    3.153761 ^ _12068_/B (sg13g2_nor2_1)
     1    0.009974    0.083988    0.113670    3.267431 v _12068_/Y (sg13g2_nor2_1)
                                                         _03482_ (net)
                      0.084052    0.001265    3.268695 v _12070_/A1 (sg13g2_o21ai_1)
     1    0.001433    0.090752    0.129944    3.398639 ^ _12070_/Y (sg13g2_o21ai_1)
                                                         _00045_ (net)
                      0.090752    0.000056    3.398696 ^ _22983_/D (sg13g2_dfrbpq_1)
                                              3.398696   data arrival time

                                 25.000000   25.000000   clock spi_sclk' (rise edge)
                                  0.000000   25.000000   clock source latency
     1    0.039147    0.000000    0.000000   25.000000 v spi_sclk (in)
                                                         spi_sclk (net)
                      0.006312    0.003157   25.003157 v clkbuf_0_spi_sclk/A (sg13g2_buf_16)
     8    0.147131    0.069916    0.120339   25.123495 v clkbuf_0_spi_sclk/X (sg13g2_buf_16)
                                                         clknet_0_spi_sclk (net)
                      0.074020    0.013134   25.136629 v clkbuf_3_7__f_spi_sclk/A (sg13g2_buf_16)
     7    0.028658    0.034064    0.129655   25.266285 v clkbuf_3_7__f_spi_sclk/X (sg13g2_buf_16)
                                                         clknet_3_7__leaf_spi_sclk (net)
                      0.034086    0.001659   25.267942 v _22970__1634/A (sg13g2_inv_1)
     1    0.003353    0.034451    0.044430   25.312374 ^ _22970__1634/Y (sg13g2_inv_1)
                                                         net1633 (net)
                      0.034452    0.000133   25.312506 ^ _22983_/CLK (sg13g2_dfrbpq_1)
                                  0.000000   25.312506   clock reconvergence pessimism
                                 -0.217312   25.095194   library setup time
                                             25.095194   data required time
---------------------------------------------------------------------------------------------
                                             25.095194   data required time
                                             -3.398696   data arrival time
---------------------------------------------------------------------------------------------
                                             21.696497   slack (MET)




===========================================================================
report_checks --slack_max -0.01
============================================================================
======================= nom_slow_1p08V_125C Corner ===================================

Startpoint: _23145_ (rising edge-triggered flip-flop clocked by clkA)
Endpoint: _23268_ (rising edge-triggered flip-flop clocked by clkA)
Path Group: clkA
Path Type: max

Fanout         Cap        Slew       Delay        Time   Description
---------------------------------------------------------------------------------------------
                                  0.000000    0.000000   clock clkA (rise edge)
                                  0.000000    0.000000   clock source latency
     1    0.071478    0.000000    0.000000    0.000000 ^ clkA (in)
                                                         clkA (net)
                      0.034148    0.017074    0.017074 ^ clkbuf_0_clkA/A (sg13g2_buf_16)
    16    0.303607    0.140451    0.161698    0.178772 ^ clkbuf_0_clkA/X (sg13g2_buf_16)
                                                         clknet_0_clkA (net)
                      0.154682    0.034211    0.212984 ^ clkbuf_4_5_0_clkA/A (sg13g2_buf_8)
     5    0.073206    0.078282    0.195078    0.408062 ^ clkbuf_4_5_0_clkA/X (sg13g2_buf_8)
                                                         clknet_4_5_0_clkA (net)
                      0.078789    0.004925    0.412987 ^ clkbuf_leaf_44_clkA/A (sg13g2_buf_8)
    10    0.052244    0.060028    0.148247    0.561234 ^ clkbuf_leaf_44_clkA/X (sg13g2_buf_8)
                                                         clknet_leaf_44_clkA (net)
                      0.060038    0.000831    0.562065 ^ _23145_/CLK (sg13g2_dfrbpq_1)
     3    0.015248    0.090298    0.320880    0.882945 v _23145_/Q (sg13g2_dfrbpq_1)
                                                         u_FIR.sum[8][17] (net)
                      0.090309    0.000998    0.883943 v _16732_/B (sg13g2_nor4_2)
     2    0.007758    0.191651    0.252242    1.136185 ^ _16732_/Y (sg13g2_nor4_2)
                                                         _07888_ (net)
                      0.191651    0.000395    1.136581 ^ _16736_/A1 (sg13g2_a22oi_1)
     1    0.003910    0.105355    0.160673    1.297254 v _16736_/Y (sg13g2_a22oi_1)
                                                         _07892_ (net)
                      0.105355    0.000156    1.297410 v rebuffer1645/A (sg13g2_buf_4)
     4    0.045540    0.079600    0.184686    1.482096 v rebuffer1645/X (sg13g2_buf_4)
                                                         net1644 (net)
                      0.080184    0.005228    1.487324 v rebuffer1644/A (sg13g2_buf_1)
     3    0.013179    0.081139    0.157887    1.645211 v rebuffer1644/X (sg13g2_buf_1)
                                                         net1643 (net)
                      0.081143    0.000682    1.645894 v _16746_/S (sg13g2_mux2_2)
     5    0.023889    0.109050    0.286562    1.932456 v _16746_/X (sg13g2_mux2_2)
                                                         _07902_ (net)
                      0.109102    0.002203    1.934660 v _16748_/C (sg13g2_nor4_2)
     2    0.008708    0.211136    0.243023    2.177683 ^ _16748_/Y (sg13g2_nor4_2)
                                                         _07904_ (net)
                      0.211136    0.000214    2.177896 ^ rebuffer2156/A (sg13g2_buf_1)
     2    0.006027    0.058273    0.178467    2.356364 ^ rebuffer2156/X (sg13g2_buf_1)
                                                         net2155 (net)
                      0.058275    0.000318    2.356681 ^ rebuffer2070/A (sg13g2_buf_2)
     4    0.016001    0.066859    0.141926    2.498607 ^ rebuffer2070/X (sg13g2_buf_2)
                                                         net2069 (net)
                      0.066892    0.001375    2.499982 ^ _16790_/A1 (sg13g2_a21oi_1)
     2    0.011554    0.184521    0.156388    2.656369 v _16790_/Y (sg13g2_a21oi_1)
                                                         _07946_ (net)
                      0.184521    0.000825    2.657194 v _16793_/A (sg13g2_xnor2_1)
     2    0.010299    0.208328    0.233313    2.890507 ^ _16793_/Y (sg13g2_xnor2_1)
                                                         _07949_ (net)
                      0.208328    0.000317    2.890824 ^ rebuffer2160/A (sg13g2_buf_1)
     1    0.004852    0.051835    0.172222    3.063046 ^ rebuffer2160/X (sg13g2_buf_1)
                                                         net2159 (net)
                      0.051835    0.000288    3.063334 ^ rebuffer2159/A (sg13g2_buf_1)
     1    0.004004    0.041262    0.105501    3.168835 ^ rebuffer2159/X (sg13g2_buf_1)
                                                         net2158 (net)
                      0.041263    0.000287    3.169122 ^ rebuffer2158/A (sg13g2_buf_1)
     1    0.003599    0.038676    0.098122    3.267244 ^ rebuffer2158/X (sg13g2_buf_1)
                                                         net2157 (net)
                      0.038677    0.000239    3.267483 ^ rebuffer2154/A (sg13g2_buf_1)
     1    0.004919    0.046101    0.102754    3.370236 ^ rebuffer2154/X (sg13g2_buf_1)
                                                         net2153 (net)
                      0.046103    0.000324    3.370560 ^ _16809_/A2 (sg13g2_a21oi_1)
     2    0.006985    0.108192    0.120830    3.491390 v _16809_/Y (sg13g2_a21oi_1)
                                                         _07965_ (net)
                      0.108192    0.000223    3.491612 v _16811_/A1 (sg13g2_o21ai_1)
     1    0.002976    0.102181    0.156068    3.647681 ^ _16811_/Y (sg13g2_o21ai_1)
                                                         _07967_ (net)
                      0.102181    0.000116    3.647797 ^ rebuffer2137/A (sg13g2_buf_2)
     3    0.018695    0.076138    0.171755    3.819551 ^ rebuffer2137/X (sg13g2_buf_2)
                                                         net2136 (net)
                      0.076344    0.002790    3.822342 ^ _16813_/A (sg13g2_xnor2_1)
     2    0.013284    0.222664    0.219909    4.042251 ^ _16813_/Y (sg13g2_xnor2_1)
                                                         _07969_ (net)
                      0.222738    0.000520    4.042771 ^ _16817_/A (sg13g2_nor2_2)
     2    0.029142    0.126255    0.192532    4.235303 v _16817_/Y (sg13g2_nor2_2)
                                                         _07973_ (net)
                      0.126411    0.002825    4.238128 v fanout123/A (sg13g2_buf_4)
     8    0.127559    0.181220    0.259311    4.497439 v fanout123/X (sg13g2_buf_4)
                                                         net123 (net)
                      0.199436    0.044121    4.541560 v _16818_/C (sg13g2_nor3_2)
     2    0.012246    0.187955    0.206882    4.748442 ^ _16818_/Y (sg13g2_nor3_2)
                                                         _07974_ (net)
                      0.187955    0.000450    4.748892 ^ rebuffer1648/A (sg13g2_buf_8)
     2    0.054018    0.065796    0.194352    4.943244 ^ rebuffer1648/X (sg13g2_buf_8)
                                                         net1647 (net)
                      0.070206    0.013181    4.956426 ^ fanout109/A (sg13g2_buf_4)
     6    0.058043    0.112222    0.210284    5.166710 ^ fanout109/X (sg13g2_buf_4)
                                                         net109 (net)
                      0.112457    0.003706    5.170416 ^ fanout108/A (sg13g2_buf_4)
     5    0.051089    0.103790    0.222402    5.392818 ^ fanout108/X (sg13g2_buf_4)
                                                         net108 (net)
                      0.105202    0.009638    5.402456 ^ fanout107/A (sg13g2_buf_4)
     5    0.044400    0.092464    0.213619    5.616075 ^ fanout107/X (sg13g2_buf_4)
                                                         net107 (net)
                      0.092519    0.002073    5.618147 ^ fanout106/A (sg13g2_buf_4)
     8    0.051427    0.103636    0.212772    5.830919 ^ fanout106/X (sg13g2_buf_4)
                                                         net106 (net)
                      0.104629    0.008102    5.839022 ^ _18161_/B (sg13g2_nand2_2)
     3    0.012761    0.122853    0.127535    5.966557 v _18161_/Y (sg13g2_nand2_2)
                                                         _09271_ (net)
                      0.122853    0.000374    5.966931 v _18196_/B (sg13g2_xor2_1)
     2    0.008446    0.120013    0.201167    6.168097 v _18196_/X (sg13g2_xor2_1)
                                                         _09306_ (net)
                      0.120013    0.000556    6.168653 v _18198_/B (sg13g2_xnor2_1)
     2    0.008615    0.116685    0.207038    6.375691 v _18198_/Y (sg13g2_xnor2_1)
                                                         _09308_ (net)
                      0.116685    0.000485    6.376176 v _18232_/B (sg13g2_xnor2_1)
     2    0.009606    0.128181    0.212425    6.588602 v _18232_/Y (sg13g2_xnor2_1)
                                                         _09342_ (net)
                      0.128181    0.000626    6.589228 v _18234_/B (sg13g2_xnor2_1)
     2    0.009209    0.129544    0.214187    6.803415 v _18234_/Y (sg13g2_xnor2_1)
                                                         _09344_ (net)
                      0.129545    0.000664    6.804079 v _18275_/A (sg13g2_xor2_1)
     2    0.008199    0.126586    0.211647    7.015727 v _18275_/X (sg13g2_xor2_1)
                                                         _09385_ (net)
                      0.126587    0.000560    7.016286 v _18277_/B (sg13g2_xnor2_1)
     2    0.009336    0.124476    0.214473    7.230760 v _18277_/Y (sg13g2_xnor2_1)
                                                         _09387_ (net)
                      0.124476    0.000590    7.231350 v _18278_/B (sg13g2_xnor2_1)
     2    0.007315    0.100724    0.199867    7.431217 v _18278_/Y (sg13g2_xnor2_1)
                                                         _09388_ (net)
                      0.100724    0.000419    7.431636 v _18311_/B1 (sg13g2_a21oi_1)
     3    0.010601    0.175191    0.188972    7.620607 ^ _18311_/Y (sg13g2_a21oi_1)
                                                         _09421_ (net)
                      0.175192    0.000280    7.620887 ^ _18313_/A_N (sg13g2_nand2b_1)
     1    0.003189    0.056465    0.158702    7.779590 ^ _18313_/Y (sg13g2_nand2b_1)
                                                         _09423_ (net)
                      0.056465    0.000125    7.779715 ^ _18314_/A (sg13g2_inv_1)
     3    0.012625    0.077421    0.090068    7.869783 v _18314_/Y (sg13g2_inv_1)
                                                         _09424_ (net)
                      0.077426    0.000642    7.870425 v _18447_/A (sg13g2_and3_1)
     2    0.006856    0.052990    0.145314    8.015739 v _18447_/X (sg13g2_and3_1)
                                                         _09557_ (net)
                      0.052990    0.000206    8.015945 v _18453_/A1 (sg13g2_o21ai_1)
     2    0.006709    0.153951    0.173591    8.189536 ^ _18453_/Y (sg13g2_o21ai_1)
                                                         _09563_ (net)
                      0.153951    0.000203    8.189739 ^ _18454_/B_N (sg13g2_nor2b_1)
     1    0.006188    0.120137    0.219251    8.408990 ^ _18454_/Y (sg13g2_nor2b_1)
                                                         _09564_ (net)
                      0.120137    0.000450    8.409440 ^ _18481_/B (sg13g2_xnor2_1)
     2    0.038846    0.526430    0.463857    8.873298 ^ _18481_/Y (sg13g2_xnor2_1)
                                                         _09591_ (net)
                      0.526492    0.004770    8.878068 ^ _18542_/A (sg13g2_xor2_1)
     2    0.007329    0.175469    0.345756    9.223825 ^ _18542_/X (sg13g2_xor2_1)
                                                         _09652_ (net)
                      0.175469    0.000234    9.224059 ^ _18543_/A1 (sg13g2_o21ai_1)
     2    0.011331    0.146855    0.209282    9.433341 v _18543_/Y (sg13g2_o21ai_1)
                                                         _09653_ (net)
                      0.146855    0.000671    9.434013 v _18546_/A1 (sg13g2_a21oi_2)
     2    0.010514    0.105191    0.154970    9.588984 ^ _18546_/Y (sg13g2_a21oi_2)
                                                         _09656_ (net)
                      0.105198    0.000629    9.589612 ^ _18548_/A2 (sg13g2_o21ai_1)
     2    0.009393    0.134293    0.154317    9.743930 v _18548_/Y (sg13g2_o21ai_1)
                                                         _09658_ (net)
                      0.134293    0.000503    9.744432 v _18558_/A1 (sg13g2_a21oi_1)
     2    0.008715    0.152298    0.187060    9.931493 ^ _18558_/Y (sg13g2_a21oi_1)
                                                         _09668_ (net)
                      0.152298    0.000517    9.932010 ^ _18565_/A (sg13g2_or3_1)
     3    0.011416    0.088671    0.222166   10.154176 ^ _18565_/X (sg13g2_or3_1)
                                                         _09675_ (net)
                      0.088672    0.000476   10.154652 ^ _18568_/A (sg13g2_nand3_1)
     3    0.023220    0.345867    0.322261   10.476912 v _18568_/Y (sg13g2_nand3_1)
                                                         _09678_ (net)
                      0.345877    0.001529   10.478441 v _18571_/A (sg13g2_and2_2)
     3    0.026814    0.097165    0.302586   10.781028 v _18571_/X (sg13g2_and2_2)
                                                         _09681_ (net)
                      0.097190    0.001532   10.782560 v fanout34/A (sg13g2_buf_2)
     5    0.026304    0.085207    0.186237   10.968797 v fanout34/X (sg13g2_buf_2)
                                                         net34 (net)
                      0.085234    0.001435   10.970232 v fanout33/A (sg13g2_buf_2)
     8    0.034300    0.105672    0.196476   11.166708 v fanout33/X (sg13g2_buf_2)
                                                         net33 (net)
                      0.105772    0.002903   11.169610 v _18589_/A1 (sg13g2_a21o_1)
     1    0.003629    0.046143    0.190643   11.360253 v _18589_/X (sg13g2_a21o_1)
                                                         _09695_ (net)
                      0.046143    0.000144   11.360397 v _18591_/A1 (sg13g2_a21oi_1)
     1    0.003354    0.109982    0.102685   11.463082 ^ _18591_/Y (sg13g2_a21oi_1)
                                                         _00330_ (net)
                      0.109984    0.000202   11.463284 ^ _23268_/D (sg13g2_dfrbpq_1)
                                             11.463284   data arrival time

                                 10.000000   10.000000   clock clkA (rise edge)
                                  0.000000   10.000000   clock source latency
     1    0.071478    0.000000    0.000000   10.000000 ^ clkA (in)
                                                         clkA (net)
                      0.034148    0.017074   10.017075 ^ clkbuf_0_clkA/A (sg13g2_buf_16)
    16    0.303607    0.140451    0.161698   10.178773 ^ clkbuf_0_clkA/X (sg13g2_buf_16)
                                                         clknet_0_clkA (net)
                      0.153965    0.033330   10.212103 ^ clkbuf_4_4_0_clkA/A (sg13g2_buf_8)
     5    0.062524    0.070552    0.188121   10.400223 ^ clkbuf_4_4_0_clkA/X (sg13g2_buf_8)
                                                         clknet_4_4_0_clkA (net)
                      0.071241    0.005431   10.405654 ^ clkbuf_leaf_48_clkA/A (sg13g2_buf_8)
    13    0.055721    0.062500    0.145736   10.551391 ^ clkbuf_leaf_48_clkA/X (sg13g2_buf_8)
                                                         clknet_leaf_48_clkA (net)
                      0.062720    0.002552   10.553942 ^ _23268_/CLK (sg13g2_dfrbpq_1)
                                  0.000000   10.553942   clock reconvergence pessimism
                                 -0.219426   10.334517   library setup time
                                             10.334517   data required time
---------------------------------------------------------------------------------------------
                                             10.334517   data required time
                                            -11.463284   data arrival time
---------------------------------------------------------------------------------------------
                                             -1.128767   slack (VIOLATED)




===========================================================================
 report_check_types -max_slew -max_cap -max_fanout -violators
============================================================================
======================= nom_slow_1p08V_125C Corner ===================================

max fanout

Pin                                   Limit Fanout  Slack
---------------------------------------------------------
clkbuf_0_clkA/X                           8     16     -8 (VIOLATED)
clkbuf_leaf_53_clkA/X                     8     16     -8 (VIOLATED)
clkbuf_leaf_54_clkA/X                     8     16     -8 (VIOLATED)
clkbuf_leaf_25_clkA/X                     8     15     -7 (VIOLATED)
clkbuf_leaf_52_clkA/X                     8     15     -7 (VIOLATED)
clkbuf_leaf_16_clkA/X                     8     14     -6 (VIOLATED)
clkbuf_leaf_17_clkA/X                     8     14     -6 (VIOLATED)
clkbuf_leaf_19_clkA/X                     8     14     -6 (VIOLATED)
clkbuf_leaf_35_clkA/X                     8     14     -6 (VIOLATED)
clkbuf_leaf_4_clkA/X                      8     14     -6 (VIOLATED)
clkbuf_leaf_51_clkA/X                     8     14     -6 (VIOLATED)
clkbuf_leaf_18_clkA/X                     8     13     -5 (VIOLATED)
clkbuf_leaf_20_clkA/X                     8     13     -5 (VIOLATED)
clkbuf_leaf_21_clkA/X                     8     13     -5 (VIOLATED)
clkbuf_leaf_24_clkA/X                     8     13     -5 (VIOLATED)
clkbuf_leaf_26_clkA/X                     8     13     -5 (VIOLATED)
clkbuf_leaf_34_clkA/X                     8     13     -5 (VIOLATED)
clkbuf_leaf_36_clkA/X                     8     13     -5 (VIOLATED)
clkbuf_leaf_37_clkA/X                     8     13     -5 (VIOLATED)
clkbuf_leaf_47_clkA/X                     8     13     -5 (VIOLATED)
clkbuf_leaf_48_clkA/X                     8     13     -5 (VIOLATED)
clkbuf_leaf_49_clkA/X                     8     13     -5 (VIOLATED)
clkbuf_leaf_55_clkA/X                     8     13     -5 (VIOLATED)
clkbuf_leaf_56_clkA/X                     8     13     -5 (VIOLATED)
clkbuf_leaf_59_clkA/X                     8     13     -5 (VIOLATED)
clkbuf_leaf_5_clkA/X                      8     13     -5 (VIOLATED)
clkbuf_leaf_60_clkA/X                     8     13     -5 (VIOLATED)
clkbuf_leaf_61_clkA/X                     8     13     -5 (VIOLATED)
clkbuf_leaf_62_clkA/X                     8     13     -5 (VIOLATED)
clkbuf_leaf_63_clkA/X                     8     13     -5 (VIOLATED)
clkbuf_leaf_6_clkA/X                      8     13     -5 (VIOLATED)
clkbuf_leaf_0_clkA/X                      8     12     -4 (VIOLATED)
clkbuf_leaf_10_clkA/X                     8     12     -4 (VIOLATED)
clkbuf_leaf_14_clkA/X                     8     12     -4 (VIOLATED)
clkbuf_leaf_15_clkA/X                     8     12     -4 (VIOLATED)
clkbuf_leaf_1_clkA/X                      8     12     -4 (VIOLATED)
clkbuf_leaf_22_clkA/X                     8     12     -4 (VIOLATED)
clkbuf_leaf_23_clkA/X                     8     12     -4 (VIOLATED)
clkbuf_leaf_27_clkA/X                     8     12     -4 (VIOLATED)
clkbuf_leaf_2_clkA/X                      8     12     -4 (VIOLATED)
clkbuf_leaf_32_clkA/X                     8     12     -4 (VIOLATED)
clkbuf_leaf_39_clkA/X                     8     12     -4 (VIOLATED)
clkbuf_leaf_3_clkA/X                      8     12     -4 (VIOLATED)
clkbuf_leaf_40_clkA/X                     8     12     -4 (VIOLATED)
clkbuf_leaf_46_clkA/X                     8     12     -4 (VIOLATED)
clkbuf_leaf_50_clkA/X                     8     12     -4 (VIOLATED)
clkbuf_leaf_58_clkA/X                     8     12     -4 (VIOLATED)
clkbuf_leaf_8_clkA/X                      8     12     -4 (VIOLATED)
clkbuf_leaf_9_clkA/X                      8     12     -4 (VIOLATED)
clkbuf_leaf_12_clkA/X                     8     11     -3 (VIOLATED)
clkbuf_leaf_13_clkA/X                     8     11     -3 (VIOLATED)
clkbuf_leaf_41_clkA/X                     8     11     -3 (VIOLATED)
clkbuf_leaf_57_clkA/X                     8     11     -3 (VIOLATED)
clkbuf_leaf_28_clkA/X                     8     10     -2 (VIOLATED)
clkbuf_leaf_29_clkA/X                     8     10     -2 (VIOLATED)
clkbuf_leaf_30_clkA/X                     8     10     -2 (VIOLATED)
clkbuf_leaf_31_clkA/X                     8     10     -2 (VIOLATED)
clkbuf_leaf_33_clkA/X                     8     10     -2 (VIOLATED)
clkbuf_leaf_43_clkA/X                     8     10     -2 (VIOLATED)
clkbuf_leaf_44_clkA/X                     8     10     -2 (VIOLATED)
clkbuf_leaf_45_clkA/X                     8     10     -2 (VIOLATED)
clkbuf_leaf_7_clkA/X                      8     10     -2 (VIOLATED)



===========================================================================
report_parasitic_annotation -report_unannotated
============================================================================
Found 59 unannotated drivers.
 clkload0/X
 clkload1/X
 clkload10/X
 clkload11/X
 clkload12/X
 clkload13/X
 clkload14/Y
 clkload15/Y
 clkload16/X
 clkload17/Y
 clkload18/Y
 clkload19/Y
 clkload2/X
 clkload20/X
 clkload21/Y
 clkload22/Y
 clkload23/Y
 clkload24/Y
 clkload25/X
 clkload26/Y
 clkload27/Y
 clkload28/Y
 clkload29/Y
 clkload3/X
 clkload30/Y
 clkload31/Y
 clkload32/Y
 clkload33/X
 clkload34/X
 clkload35/X
 clkload36/Y
 clkload37/Y
 clkload38/Y
 clkload39/Y
 clkload4/X
 clkload40/Y
 clkload41/Y
 clkload42/X
 clkload43/Y
 clkload44/Y
 clkload45/X
 clkload46/Y
 clkload47/Y
 clkload48/Y
 clkload49/Y
 clkload5/X
 clkload50/Y
 clkload51/Y
 clkload52/Y
 clkload53/Y
 clkload54/Y
 clkload55/Y
 clkload56/Y
 clkload57/Y
 clkload58/X
 clkload6/X
 clkload7/X
 clkload8/X
 clkload9/X
Found 0 partially unannotated drivers.

===========================================================================
max slew violation count 0
max fanout violation count 62
max cap violation count 0
============================================================================

===========================================================================
check_setup -verbose -unconstrained_endpoints -multiple_clock -no_clock -no_input_delay -loops -generated_clocks
===========================================================================
Warning: There are 4 input ports missing set_input_delay.
  reset
  spi_mosi
  spi_ss_n
  x_serial
Warning: There are 4 unconstrained endpoints.
  spi_miso
  y_serial
  _23758_/D
  _23779_/D
