
===========================================================================
 report_power
============================================================================
======================= nom_slow_1p08V_125C Corner ===================================

Group                    Internal    Switching      Leakage        Total
                            Power        Power        Power        Power (Watts)
------------------------------------------------------------------------
Sequential           3.290895e-03 1.495013e-05 1.720931e-06 3.307566e-03  70.7%
Combinational        1.967413e-05 5.770599e-05 6.512938e-06 8.389305e-05   1.8%
Clock                6.498143e-04 6.359706e-04 1.479240e-06 1.287264e-03  27.5%
Macro                0.000000e+00 0.000000e+00 0.000000e+00 0.000000e+00   0.0%
Pad                  0.000000e+00 0.000000e+00 0.000000e+00 0.000000e+00   0.0%
------------------------------------------------------------------------
Total                3.960381e-03 7.086265e-04 9.713222e-06 4.678721e-03 100.0%
                            84.6%        15.1%         0.2%

