+ analyze_power_grid -net VPWR -voltage_file /home/designer/shared/FSE-LMS/design/runs/RUN_2026-01-24_20-16-41/56-openroad-irdropreport/net-VPWR.csv
[INFO PSM-0040] All shapes on net VPWR are connected.
########## IR report #################
Net              : VPWR
Corner           : nom_typ_1p20V_25C
Total power      : 5.89e-03 W
Supply voltage   : 1.20e+00 V
Worstcase voltage: 1.20e+00 V
Average voltage  : 1.20e+00 V
Average IR drop  : 9.93e-05 V
Worstcase IR drop: 2.18e-03 V
Percentage drop  : 0.18 %
######################################
+ analyze_power_grid -net VGND -voltage_file /home/designer/shared/FSE-LMS/design/runs/RUN_2026-01-24_20-16-41/56-openroad-irdropreport/net-VGND.csv
[INFO PSM-0040] All shapes on net VGND are connected.
########## IR report #################
Net              : VGND
Corner           : nom_typ_1p20V_25C
Total power      : 5.89e-03 W
Supply voltage   : 0.00e+00 V
Worstcase voltage: 2.55e-03 V
Average voltage  : 9.59e-05 V
Average IR drop  : 9.59e-05 V
Worstcase IR drop: 2.55e-03 V
Percentage drop  : 0.21 %
######################################
