
===========================================================================
 report_power
============================================================================
======================= nom_typ_1p20V_25C Corner ===================================

Group                    Internal    Switching      Leakage        Total
                            Power        Power        Power        Power (Watts)
------------------------------------------------------------------------
Sequential           2.063602e-03 8.809800e-06 3.646066e-07 2.072776e-03  63.4%
Combinational        3.634695e-05 4.693134e-05 1.871523e-06 8.514981e-05   2.6%
Clock                5.449767e-04 5.238650e-04 4.404580e-05 1.112888e-03  34.0%
Macro                0.000000e+00 0.000000e+00 0.000000e+00 0.000000e+00   0.0%
Pad                  0.000000e+00 0.000000e+00 0.000000e+00 0.000000e+00   0.0%
------------------------------------------------------------------------
Total                2.644924e-03 5.796057e-04 4.627739e-05 3.270807e-03 100.0%
                            80.9%        17.7%         1.4%

