
===========================================================================
 report_power
============================================================================
======================= nom_typ_1p20V_25C Corner ===================================

Group                    Internal    Switching      Leakage        Total
                            Power        Power        Power        Power (Watts)
------------------------------------------------------------------------
Sequential           2.058814e-03 1.076553e-05 3.646066e-07 2.069944e-03  68.5%
Combinational        1.244014e-05 4.254704e-05 1.537893e-06 5.652507e-05   1.9%
Clock                4.162838e-04 4.788708e-04 9.215145e-08 8.952467e-04  29.6%
Macro                0.000000e+00 0.000000e+00 0.000000e+00 0.000000e+00   0.0%
Pad                  0.000000e+00 0.000000e+00 0.000000e+00 0.000000e+00   0.0%
------------------------------------------------------------------------
Total                2.487538e-03 5.321833e-04 1.994614e-06 3.021716e-03 100.0%
                            82.3%        17.6%         0.1%
Writing metric power__internal__total: 0.0024875381495803595
Writing metric power__switching__total: 0.0005321833305060863
Writing metric power__leakage__total: 1.9946135125792352e-6
Writing metric power__total: 0.0030217161402106285

