
===========================================================================
 report_power
============================================================================
======================= nom_typ_1p20V_25C Corner ===================================

Group                    Internal    Switching      Leakage        Total
                            Power        Power        Power        Power (Watts)
------------------------------------------------------------------------
Sequential           2.066138e-03 8.084669e-06 3.646066e-07 2.074587e-03  66.4%
Combinational        1.234930e-05 3.558033e-05 1.538660e-06 4.946830e-05   1.6%
Clock                5.441428e-04 4.572561e-04 1.165623e-07 1.001515e-03  32.0%
Macro                0.000000e+00 0.000000e+00 0.000000e+00 0.000000e+00   0.0%
Pad                  0.000000e+00 0.000000e+00 0.000000e+00 0.000000e+00   0.0%
------------------------------------------------------------------------
Total                2.622630e-03 5.009211e-04 2.019791e-06 3.125570e-03 100.0%
                            83.9%        16.0%         0.1%
Writing metric power__internal__total: 0.002622629515826702
Writing metric power__switching__total: 0.0005009211017750204
Writing metric power__leakage__total: 2.0197905996610643e-6
Writing metric power__total: 0.0031255704816430807

