
===========================================================================
 report_power
============================================================================
======================= nom_typ_1p20V_25C Corner ===================================

Group                    Internal    Switching      Leakage        Total
                            Power        Power        Power        Power (Watts)
------------------------------------------------------------------------
Sequential           2.062324e-03 9.627197e-06 3.646066e-07 2.072316e-03  69.7%
Combinational        1.233822e-05 3.750304e-05 1.539081e-06 5.138034e-05   1.7%
Clock                4.152958e-04 4.282428e-04 6.838757e-06 8.503774e-04  28.6%
Macro                0.000000e+00 0.000000e+00 0.000000e+00 0.000000e+00   0.0%
Pad                  0.000000e+00 0.000000e+00 0.000000e+00 0.000000e+00   0.0%
------------------------------------------------------------------------
Total                2.489960e-03 4.753731e-04 8.742594e-06 2.974075e-03 100.0%
                            83.7%        16.0%         0.3%

