
===========================================================================
 report_power
============================================================================
======================= nom_typ_1p20V_25C Corner ===================================

Group                    Internal    Switching      Leakage        Total
                            Power        Power        Power        Power (Watts)
------------------------------------------------------------------------
Sequential           4.117666e-03 2.158529e-05 3.646832e-07 4.139616e-03  68.5%
Combinational        2.488237e-05 8.523450e-05 1.592845e-06 1.117097e-04   1.8%
Clock                8.325921e-04 9.555799e-04 9.215145e-08 1.788264e-03  29.6%
Macro                0.000000e+00 0.000000e+00 0.000000e+00 0.000000e+00   0.0%
Pad                  0.000000e+00 0.000000e+00 0.000000e+00 0.000000e+00   0.0%
------------------------------------------------------------------------
Total                4.975143e-03 1.062400e-03 2.049621e-06 6.039593e-03 100.0%
                            82.4%        17.6%         0.0%
Writing metric power__internal__total: 0.004975143354386091
Writing metric power__switching__total: 0.0010623997077345848
Writing metric power__leakage__total: 2.0496206616371637e-6
Writing metric power__total: 0.006039592903107405

