
===========================================================================
 report_power
============================================================================
======================= nom_slow_1p08V_125C Corner ===================================

Group                    Internal    Switching      Leakage        Total
                            Power        Power        Power        Power (Watts)
------------------------------------------------------------------------
Sequential           1.620558e-03 3.572512e-06 1.720477e-06 1.625851e-03  98.7%
Combinational        6.817771e-06 7.407454e-06 5.660865e-06 1.988609e-05   1.2%
Clock                3.226460e-07 4.223452e-07 3.984770e-09 7.489760e-07   0.0%
Macro                0.000000e+00 0.000000e+00 0.000000e+00 0.000000e+00   0.0%
Pad                  0.000000e+00 0.000000e+00 0.000000e+00 0.000000e+00   0.0%
------------------------------------------------------------------------
Total                1.627698e-03 1.140231e-05 7.385467e-06 1.646486e-03 100.0%
                            98.9%         0.7%         0.4%

